Archive member included to satisfy reference by file (symbol)

/home/pvl/Privat/stm32/Ac6/plugins/fr.ac6.mcu.externaltools.arm-none.linux64_1.17.0.201812190825/tools/compiler/bin/../lib/gcc/arm-none-eabi/7.3.1/thumb/v7e-m/fpv4-sp/hard/libgcc.a(_arm_addsubdf3.o)
                              Core/Src/lm75.o (__aeabi_i2d)
/home/pvl/Privat/stm32/Ac6/plugins/fr.ac6.mcu.externaltools.arm-none.linux64_1.17.0.201812190825/tools/compiler/bin/../lib/gcc/arm-none-eabi/7.3.1/thumb/v7e-m/fpv4-sp/hard/libgcc.a(_arm_muldivdf3.o)
                              Core/Src/lm75.o (__aeabi_dmul)
/home/pvl/Privat/stm32/Ac6/plugins/fr.ac6.mcu.externaltools.arm-none.linux64_1.17.0.201812190825/tools/compiler/bin/../lib/gcc/arm-none-eabi/7.3.1/thumb/v7e-m/fpv4-sp/hard/libgcc.a(_arm_fixunsdfsi.o)
                              Core/Src/lm75.o (__aeabi_d2uiz)
/home/pvl/Privat/stm32/Ac6/plugins/fr.ac6.mcu.externaltools.arm-none.linux64_1.17.0.201812190825/tools/compiler/bin/../lib/gcc/arm-none-eabi/7.3.1/thumb/v7e-m/fpv4-sp/hard/libgcc.a(_aeabi_uldivmod.o)
                              Drivers/STM32L4xx_HAL_Driver/Src/stm32l4xx_hal_uart.o (__aeabi_uldivmod)
/home/pvl/Privat/stm32/Ac6/plugins/fr.ac6.mcu.externaltools.arm-none.linux64_1.17.0.201812190825/tools/compiler/bin/../lib/gcc/arm-none-eabi/7.3.1/thumb/v7e-m/fpv4-sp/hard/libgcc.a(_udivmoddi4.o)
                              /home/pvl/Privat/stm32/Ac6/plugins/fr.ac6.mcu.externaltools.arm-none.linux64_1.17.0.201812190825/tools/compiler/bin/../lib/gcc/arm-none-eabi/7.3.1/thumb/v7e-m/fpv4-sp/hard/libgcc.a(_aeabi_uldivmod.o) (__udivmoddi4)
/home/pvl/Privat/stm32/Ac6/plugins/fr.ac6.mcu.externaltools.arm-none.linux64_1.17.0.201812190825/tools/compiler/bin/../lib/gcc/arm-none-eabi/7.3.1/thumb/v7e-m/fpv4-sp/hard/libgcc.a(_dvmd_tls.o)
                              /home/pvl/Privat/stm32/Ac6/plugins/fr.ac6.mcu.externaltools.arm-none.linux64_1.17.0.201812190825/tools/compiler/bin/../lib/gcc/arm-none-eabi/7.3.1/thumb/v7e-m/fpv4-sp/hard/libgcc.a(_aeabi_uldivmod.o) (__aeabi_ldiv0)
/home/pvl/Privat/stm32/Ac6/plugins/fr.ac6.mcu.externaltools.arm-none.linux64_1.17.0.201812190825/tools/compiler/bin/../lib/gcc/arm-none-eabi/7.3.1/../../../../arm-none-eabi/lib/thumb/v7e-m/fpv4-sp/hard/libc_nano.a(lib_a-errno.o)
                              Core/Src/syscalls.o (__errno)
/home/pvl/Privat/stm32/Ac6/plugins/fr.ac6.mcu.externaltools.arm-none.linux64_1.17.0.201812190825/tools/compiler/bin/../lib/gcc/arm-none-eabi/7.3.1/../../../../arm-none-eabi/lib/thumb/v7e-m/fpv4-sp/hard/libc_nano.a(lib_a-exit.o)
                              /home/pvl/Privat/stm32/Ac6/plugins/fr.ac6.mcu.externaltools.arm-none.linux64_1.17.0.201812190825/tools/compiler/bin/../lib/gcc/arm-none-eabi/7.3.1/../../../../arm-none-eabi/lib/thumb/v7e-m/fpv4-sp/hard/crt0.o (exit)
/home/pvl/Privat/stm32/Ac6/plugins/fr.ac6.mcu.externaltools.arm-none.linux64_1.17.0.201812190825/tools/compiler/bin/../lib/gcc/arm-none-eabi/7.3.1/../../../../arm-none-eabi/lib/thumb/v7e-m/fpv4-sp/hard/libc_nano.a(lib_a-impure.o)
                              /home/pvl/Privat/stm32/Ac6/plugins/fr.ac6.mcu.externaltools.arm-none.linux64_1.17.0.201812190825/tools/compiler/bin/../lib/gcc/arm-none-eabi/7.3.1/../../../../arm-none-eabi/lib/thumb/v7e-m/fpv4-sp/hard/libc_nano.a(lib_a-exit.o) (_global_impure_ptr)
/home/pvl/Privat/stm32/Ac6/plugins/fr.ac6.mcu.externaltools.arm-none.linux64_1.17.0.201812190825/tools/compiler/bin/../lib/gcc/arm-none-eabi/7.3.1/../../../../arm-none-eabi/lib/thumb/v7e-m/fpv4-sp/hard/libc_nano.a(lib_a-init.o)
                              /home/pvl/Privat/stm32/Ac6/plugins/fr.ac6.mcu.externaltools.arm-none.linux64_1.17.0.201812190825/tools/compiler/bin/../lib/gcc/arm-none-eabi/7.3.1/../../../../arm-none-eabi/lib/thumb/v7e-m/fpv4-sp/hard/crt0.o (__libc_init_array)
/home/pvl/Privat/stm32/Ac6/plugins/fr.ac6.mcu.externaltools.arm-none.linux64_1.17.0.201812190825/tools/compiler/bin/../lib/gcc/arm-none-eabi/7.3.1/../../../../arm-none-eabi/lib/thumb/v7e-m/fpv4-sp/hard/libc_nano.a(lib_a-memset.o)
                              /home/pvl/Privat/stm32/Ac6/plugins/fr.ac6.mcu.externaltools.arm-none.linux64_1.17.0.201812190825/tools/compiler/bin/../lib/gcc/arm-none-eabi/7.3.1/../../../../arm-none-eabi/lib/thumb/v7e-m/fpv4-sp/hard/crt0.o (memset)
/home/pvl/Privat/stm32/Ac6/plugins/fr.ac6.mcu.externaltools.arm-none.linux64_1.17.0.201812190825/tools/compiler/bin/../lib/gcc/arm-none-eabi/7.3.1/../../../../arm-none-eabi/lib/thumb/v7e-m/fpv4-sp/hard/libc_nano.a(lib_a-sprintf.o)
                              Core/Src/Boot.o (sprintf)
/home/pvl/Privat/stm32/Ac6/plugins/fr.ac6.mcu.externaltools.arm-none.linux64_1.17.0.201812190825/tools/compiler/bin/../lib/gcc/arm-none-eabi/7.3.1/../../../../arm-none-eabi/lib/thumb/v7e-m/fpv4-sp/hard/libc_nano.a(lib_a-nano-svfprintf.o)
[...]
Memory Configuration

Name             Origin             Length             Attributes
RAM              0x0000000020000000 0x0000000000018000 xrw
RAM2             0x0000000010000000 0x0000000000008000 xrw
FLASH            0x0000000008000000 0x0000000000100000 xr
*default*        0x0000000000000000 0xffffffffffffffff

Linker script and memory map

LOAD /home/pvl/Privat/stm32/Ac6/plugins/fr.ac6.mcu.externaltools.arm-none.linux64_1.17.0.201812190825/tools/compiler/bin/../lib/gcc/arm-none-eabi/7.3.1/thumb/v7e-m/fpv4-sp/hard/crti.o
LOAD /home/pvl/Privat/stm32/Ac6/plugins/fr.ac6.mcu.externaltools.arm-none.linux64_1.17.0.201812190825/tools/compiler/bin/../lib/gcc/arm-none-eabi/7.3.1/thumb/v7e-m/fpv4-sp/hard/crtbegin.o
LOAD /home/pvl/Privat/stm32/Ac6/plugins/fr.ac6.mcu.externaltools.arm-none.linux64_1.17.0.201812190825/tools/compiler/bin/../lib/gcc/arm-none-eabi/7.3.1/../../../../arm-none-eabi/lib/thumb/v7e-m/fpv4-sp/hard/crt0.o
LOAD Core/Src/Boot.o
LOAD Core/Src/LUX.o
LOAD Core/Src/frequencyRead.o
LOAD Core/Src/lm75.o
LOAD Core/Src/main.o
LOAD Core/Src/stm32l4xx_hal_msp.o
LOAD Core/Src/stm32l4xx_it.o
LOAD Core/Src/syscalls.o
LOAD Core/Src/system_stm32l4xx.o
LOAD Drivers/STM32L4xx_HAL_Driver/Src/stm32l4xx_hal.o
LOAD Drivers/STM32L4xx_HAL_Driver/Src/stm32l4xx_hal_cortex.o
LOAD Drivers/STM32L4xx_HAL_Driver/Src/stm32l4xx_hal_dma.o
LOAD Drivers/STM32L4xx_HAL_Driver/Src/stm32l4xx_hal_dma_ex.o
LOAD Drivers/STM32L4xx_HAL_Driver/Src/stm32l4xx_hal_exti.o
LOAD Drivers/STM32L4xx_HAL_Driver/Src/stm32l4xx_hal_flash.o
LOAD Drivers/STM32L4xx_HAL_Driver/Src/stm32l4xx_hal_flash_ex.o
LOAD Drivers/STM32L4xx_HAL_Driver/Src/stm32l4xx_hal_flash_ramfunc.o
LOAD Drivers/STM32L4xx_HAL_Driver/Src/stm32l4xx_hal_gpio.o
LOAD Drivers/STM32L4xx_HAL_Driver/Src/stm32l4xx_hal_i2c.o
LOAD Drivers/STM32L4xx_HAL_Driver/Src/stm32l4xx_hal_i2c_ex.o
LOAD Drivers/STM32L4xx_HAL_Driver/Src/stm32l4xx_hal_pwr.o
LOAD Drivers/STM32L4xx_HAL_Driver/Src/stm32l4xx_hal_pwr_ex.o
LOAD Drivers/STM32L4xx_HAL_Driver/Src/stm32l4xx_hal_rcc.o
LOAD Drivers/STM32L4xx_HAL_Driver/Src/stm32l4xx_hal_rcc_ex.o
LOAD Drivers/STM32L4xx_HAL_Driver/Src/stm32l4xx_hal_rtc.o
LOAD Drivers/STM32L4xx_HAL_Driver/Src/stm32l4xx_hal_rtc_ex.o
LOAD Drivers/STM32L4xx_HAL_Driver/Src/stm32l4xx_hal_tim.o
LOAD Drivers/STM32L4xx_HAL_Driver/Src/stm32l4xx_hal_tim_ex.o
LOAD Drivers/STM32L4xx_HAL_Driver/Src/stm32l4xx_hal_uart.o
LOAD Drivers/STM32L4xx_HAL_Driver/Src/stm32l4xx_hal_uart_ex.o
LOAD startup/startup_stm32l476xx.o
LOAD /home/pvl/Privat/stm32/Ac6/plugins/fr.ac6.mcu.externaltools.arm-none.linux64_1.17.0.201812190825/tools/compiler/bin/../lib/gcc/arm-none-eabi/7.3.1/../../../../arm-none-eabi/lib/thumb/v7e-m/fpv4-sp/hard/libm.a
START GROUP
LOAD /home/pvl/Privat/stm32/Ac6/plugins/fr.ac6.mcu.externaltools.arm-none.linux64_1.17.0.201812190825/tools/compiler/bin/../lib/gcc/arm-none-eabi/7.3.1/thumb/v7e-m/fpv4-sp/hard/libgcc.a
LOAD /home/pvl/Privat/stm32/Ac6/plugins/fr.ac6.mcu.externaltools.arm-none.linux64_1.17.0.201812190825/tools/compiler/bin/../lib/gcc/arm-none-eabi/7.3.1/../../../../arm-none-eabi/lib/thumb/v7e-m/fpv4-sp/hard/libc_nano.a
END GROUP
START GROUP
LOAD /home/pvl/Privat/stm32/Ac6/plugins/fr.ac6.mcu.externaltools.arm-none.linux64_1.17.0.201812190825/tools/compiler/bin/../lib/gcc/arm-none-eabi/7.3.1/thumb/v7e-m/fpv4-sp/hard/libgcc.a
LOAD /home/pvl/Privat/stm32/Ac6/plugins/fr.ac6.mcu.externaltools.arm-none.linux64_1.17.0.201812190825/tools/compiler/bin/../lib/gcc/arm-none-eabi/7.3.1/../../../../arm-none-eabi/lib/thumb/v7e-m/fpv4-sp/hard/libc_nano.a
LOAD /home/pvl/Privat/stm32/Ac6/plugins/fr.ac6.mcu.externaltools.arm-none.linux64_1.17.0.201812190825/tools/compiler/bin/../lib/gcc/arm-none-eabi/7.3.1/../../../../arm-none-eabi/lib/thumb/v7e-m/fpv4-sp/hard/libnosys.a
END GROUP
START GROUP
LOAD /home/pvl/Privat/stm32/Ac6/plugins/fr.ac6.mcu.externaltools.arm-none.linux64_1.17.0.201812190825/tools/compiler/bin/../lib/gcc/arm-none-eabi/7.3.1/thumb/v7e-m/fpv4-sp/hard/libgcc.a
LOAD /home/pvl/Privat/stm32/Ac6/plugins/fr.ac6.mcu.externaltools.arm-none.linux64_1.17.0.201812190825/tools/compiler/bin/../lib/gcc/arm-none-eabi/7.3.1/../../../../arm-none-eabi/lib/thumb/v7e-m/fpv4-sp/hard/libc_nano.a
LOAD /home/pvl/Privat/stm32/Ac6/plugins/fr.ac6.mcu.externaltools.arm-none.linux64_1.17.0.201812190825/tools/compiler/bin/../lib/gcc/arm-none-eabi/7.3.1/../../../../arm-none-eabi/lib/thumb/v7e-m/fpv4-sp/hard/libnosys.a
END GROUP
LOAD /home/pvl/Privat/stm32/Ac6/plugins/fr.ac6.mcu.externaltools.arm-none.linux64_1.17.0.201812190825/tools/compiler/bin/../lib/gcc/arm-none-eabi/7.3.1/thumb/v7e-m/fpv4-sp/hard/crtend.o
LOAD /home/pvl/Privat/stm32/Ac6/plugins/fr.ac6.mcu.externaltools.arm-none.linux64_1.17.0.201812190825/tools/compiler/bin/../lib/gcc/arm-none-eabi/7.3.1/thumb/v7e-m/fpv4-sp/hard/crtn.o
                0x0000000020018000                _estack = 0x20018000
                0x0000000000000200                _Min_Heap_Size = 0x200
                0x0000000000000400                _Min_Stack_Size = 0x400

.isr_vector     0x0000000008000000      0x188
                0x0000000008000000                . = ALIGN (0x8)
 *(.isr_vector)
 .isr_vector    0x0000000008000000      0x188 startup/startup_stm32l476xx.o
                0x0000000008000000                g_pfnVectors
                0x0000000008000188                . = ALIGN (0x8)

.text           0x0000000008000190     0x6a30
                0x0000000008000190                . = ALIGN (0x8)
 *(.text)
 .text          0x0000000008000190       0x40 /home/pvl/Privat/stm32/Ac6/plugins/fr.ac6.mcu.externaltools.arm-none.linux64_1.17.0.201812190825/tools/compiler/bin/../lib/gcc/arm-none-eabi/7.3.1/thumb/v7e-m/fpv4-sp/hard/crtbegin.o
 .text          0x00000000080001d0      0x378 /home/pvl/Privat/stm32/Ac6/plugins/fr.ac6.mcu.externaltools.arm-none.linux64_1.17.0.201812190825/tools/compiler/bin/../lib/gcc/arm-none-eabi/7.3.1/thumb/v7e-m/fpv4-sp/hard/libgcc.a(_arm_addsubdf3.o)
                0x00000000080001d0                __aeabi_drsub
                0x00000000080001d8                __aeabi_dsub
                0x00000000080001d8                __subdf3
                0x00000000080001dc                __adddf3
                0x00000000080001dc                __aeabi_dadd
                0x0000000008000454                __aeabi_ui2d
                0x0000000008000454                __floatunsidf
                0x0000000008000474                __floatsidf
                0x0000000008000474                __aeabi_i2d
                0x0000000008000498                __extendsfdf2
                0x0000000008000498                __aeabi_f2d
                0x00000000080004dc                __aeabi_ul2d
                0x00000000080004dc                __floatundidf
                0x00000000080004ec                __floatdidf
                0x00000000080004ec                __aeabi_l2d
 .text          0x0000000008000548      0x424 /home/pvl/Privat/stm32/Ac6/plugins/fr.ac6.mcu.externaltools.arm-none.linux64_1.17.0.201812190825/tools/compiler/bin/../lib/gcc/arm-none-eabi/7.3.1/thumb/v7e-m/fpv4-sp/hard/libgcc.a(_arm_muldivdf3.o)
                0x0000000008000548                __aeabi_dmul
                0x0000000008000548                __muldf3
                0x000000000800079c                __aeabi_ddiv
                0x000000000800079c                __divdf3
 .text          0x000000000800096c       0x40 /home/pvl/Privat/stm32/Ac6/plugins/fr.ac6.mcu.externaltools.arm-none.linux64_1.17.0.201812190825/tools/compiler/bin/../lib/gcc/arm-none-eabi/7.3.1/thumb/v7e-m/fpv4-sp/hard/libgcc.a(_arm_fixunsdfsi.o)
                0x000000000800096c                __fixunsdfsi
                0x000000000800096c                __aeabi_d2uiz
 .text          0x00000000080009ac       0x30 /home/pvl/Privat/stm32/Ac6/plugins/fr.ac6.mcu.externaltools.arm-none.linux64_1.17.0.201812190825/tools/compiler/bin/../lib/gcc/arm-none-eabi/7.3.1/thumb/v7e-m/fpv4-sp/hard/libgcc.a(_aeabi_uldivmod.o)
                0x00000000080009ac                __aeabi_uldivmod
 .text          0x00000000080009dc      0x2cc /home/pvl/Privat/stm32/Ac6/plugins/fr.ac6.mcu.externaltools.arm-none.linux64_1.17.0.201812190825/tools/compiler/bin/../lib/gcc/arm-none-eabi/7.3.1/thumb/v7e-m/fpv4-sp/hard/libgcc.a(_udivmoddi4.o)
                0x00000000080009dc                __udivmoddi4
 .text          0x0000000008000ca8        0x4 /home/pvl/Privat/stm32/Ac6/plugins/fr.ac6.mcu.externaltools.arm-none.linux64_1.17.0.201812190825/tools/compiler/bin/../lib/gcc/arm-none-eabi/7.3.1/thumb/v7e-m/fpv4-sp/hard/libgcc.a(_dvmd_tls.o)
                0x0000000008000ca8                __aeabi_ldiv0
                0x0000000008000ca8                __aeabi_idiv0
 *fill*         0x0000000008000cac        0x4 
 .text          0x0000000008000cb0       0xa0 /home/pvl/Privat/stm32/Ac6/plugins/fr.ac6.mcu.externaltools.arm-none.linux64_1.17.0.201812190825/tools/compiler/bin/../lib/gcc/arm-none-eabi/7.3.1/../../../../arm-none-eabi/lib/thumb/v7e-m/fpv4-sp/hard/libc_nano.a(lib_a-memchr.o)
                0x0000000008000cb0                memchr
 *(.text*)
 .text.rtc      0x0000000008000d50       0x28 Core/Src/Boot.o
                0x0000000008000d50                rtc
 .text.Boot     0x0000000008000d78       0xc0 Core/Src/Boot.o
                0x0000000008000d78                Boot
 .text.Get_I2C_Value
                0x0000000008000e38       0x4c Core/Src/LUX.o
                0x0000000008000e38                Get_I2C_Value
 .text.HAL_I2C_MasterRxCpltCallback
                0x0000000008000e84       0x24 Core/Src/LUX.o
                0x0000000008000e84                HAL_I2C_MasterRxCpltCallback
 .text.HAL_TIM_IC_CaptureCallback
                0x0000000008000ea8      0x314 Core/Src/frequencyRead.o
                0x0000000008000ea8                HAL_TIM_IC_CaptureCallback
 .text.frequencySequence
                0x00000000080011bc       0x84 Core/Src/frequencyRead.o
                0x00000000080011bc                frequencySequence
 .text.pwmStart
                0x0000000008001240       0x1c Core/Src/frequencyRead.o
                0x0000000008001240                pwmStart
 .text.freqInit
                0x000000000800125c       0x54 Core/Src/frequencyRead.o
                0x000000000800125c                freqInit
 .text.tempSensor
                0x00000000080012b0       0x74 Core/Src/lm75.o
                0x00000000080012b0                tempSensor
 .text.MX_GPIO_Init
                0x0000000008001324       0x74 Core/Src/main.o
 .text.MX_DMA_Init
                0x0000000008001398       0x74 Core/Src/main.o
 .text.Error_Handler
                0x000000000800140c        0x4 Core/Src/main.o
                0x000000000800140c                Error_Handler
 .text.MX_USART2_UART_Init
                0x0000000008001410       0x38 Core/Src/main.o
 .text.MX_TIM2_Init
                0x0000000008001448       0xb0 Core/Src/main.o
 .text.MX_TIM1_Init
                0x00000000080014f8       0xec Core/Src/main.o
 .text.MX_TIM5_Init
                0x00000000080015e4       0xb4 Core/Src/main.o
 .text.MX_I2C1_Init
                0x0000000008001698       0x54 Core/Src/main.o
 .text.MX_RTC_Init
                0x00000000080016ec       0x88 Core/Src/main.o
 .text.SystemClock_Config
                0x0000000008001774       0xbc Core/Src/main.o
                0x0000000008001774                SystemClock_Config
 .text.main     0x0000000008001830       0x30 Core/Src/main.o
                0x0000000008001830                main
 .text.HAL_MspInit
                0x0000000008001860       0x30 Core/Src/stm32l4xx_hal_msp.o
                0x0000000008001860                HAL_MspInit
 .text.HAL_I2C_MspInit
                0x0000000008001890       0x90 Core/Src/stm32l4xx_hal_msp.o
                0x0000000008001890                HAL_I2C_MspInit
 .text.HAL_RTC_MspInit
                0x0000000008001920       0x24 Core/Src/stm32l4xx_hal_msp.o
                0x0000000008001920                HAL_RTC_MspInit
 .text.HAL_TIM_Base_MspInit
                0x0000000008001944      0x1e0 Core/Src/stm32l4xx_hal_msp.o
                0x0000000008001944                HAL_TIM_Base_MspInit
 .text.HAL_TIM_MspPostInit
                0x0000000008001b24       0x54 Core/Src/stm32l4xx_hal_msp.o
                0x0000000008001b24                HAL_TIM_MspPostInit
 .text.HAL_UART_MspInit
                0x0000000008001b78       0x68 Core/Src/stm32l4xx_hal_msp.o
                0x0000000008001b78                HAL_UART_MspInit
 .text.NMI_Handler
                0x0000000008001be0        0x2 Core/Src/stm32l4xx_it.o
                0x0000000008001be0                NMI_Handler
 .text.HardFault_Handler
                0x0000000008001be2        0x2 Core/Src/stm32l4xx_it.o
                0x0000000008001be2                HardFault_Handler
 .text.MemManage_Handler
                0x0000000008001be4        0x2 Core/Src/stm32l4xx_it.o
                0x0000000008001be4                MemManage_Handler
 .text.BusFault_Handler
                0x0000000008001be6        0x2 Core/Src/stm32l4xx_it.o
                0x0000000008001be6                BusFault_Handler
 .text.UsageFault_Handler
                0x0000000008001be8        0x2 Core/Src/stm32l4xx_it.o
                0x0000000008001be8                UsageFault_Handler
 .text.SVC_Handler
                0x0000000008001bea        0x2 Core/Src/stm32l4xx_it.o
                0x0000000008001bea                SVC_Handler
 .text.DebugMon_Handler
                0x0000000008001bec        0x2 Core/Src/stm32l4xx_it.o
                0x0000000008001bec                DebugMon_Handler
 .text.PendSV_Handler
                0x0000000008001bee        0x2 Core/Src/stm32l4xx_it.o
                0x0000000008001bee                PendSV_Handler
 .text.SysTick_Handler
                0x0000000008001bf0        0x8 Core/Src/stm32l4xx_it.o
                0x0000000008001bf0                SysTick_Handler
 .text.DMA1_Channel5_IRQHandler
                0x0000000008001bf8       0x10 Core/Src/stm32l4xx_it.o
                0x0000000008001bf8                DMA1_Channel5_IRQHandler
 .text.DMA1_Channel7_IRQHandler
                0x0000000008001c08       0x10 Core/Src/stm32l4xx_it.o
                0x0000000008001c08                DMA1_Channel7_IRQHandler
 .text.TIM2_IRQHandler
                0x0000000008001c18       0x10 Core/Src/stm32l4xx_it.o
                0x0000000008001c18                TIM2_IRQHandler
 .text.I2C1_EV_IRQHandler
                0x0000000008001c28       0x10 Core/Src/stm32l4xx_it.o
                0x0000000008001c28                I2C1_EV_IRQHandler
 .text.I2C1_ER_IRQHandler
                0x0000000008001c38       0x10 Core/Src/stm32l4xx_it.o
                0x0000000008001c38                I2C1_ER_IRQHandler
 .text.TIM5_IRQHandler
                0x0000000008001c48       0x10 Core/Src/stm32l4xx_it.o
                0x0000000008001c48                TIM5_IRQHandler
 .text.DMA2_Channel4_IRQHandler
                0x0000000008001c58       0x10 Core/Src/stm32l4xx_it.o
                0x0000000008001c58                DMA2_Channel4_IRQHandler
 .text.DMA2_Channel5_IRQHandler
                0x0000000008001c68       0x10 Core/Src/stm32l4xx_it.o
                0x0000000008001c68                DMA2_Channel5_IRQHandler
 .text._sbrk    0x0000000008001c78       0x3c Core/Src/syscalls.o
                0x0000000008001c78                _sbrk
 .text.SystemInit
                0x0000000008001cb4       0x48 Core/Src/system_stm32l4xx.o
                0x0000000008001cb4                SystemInit
 .text.HAL_InitTick
                0x0000000008001cfc       0x4c Drivers/STM32L4xx_HAL_Driver/Src/stm32l4xx_hal.o
                0x0000000008001cfc                HAL_InitTick
 .text.HAL_Init
                0x0000000008001d48       0x2c Drivers/STM32L4xx_HAL_Driver/Src/stm32l4xx_hal.o
                0x0000000008001d48                HAL_Init
 .text.HAL_IncTick
                0x0000000008001d74       0x18 Drivers/STM32L4xx_HAL_Driver/Src/stm32l4xx_hal.o
                0x0000000008001d74                HAL_IncTick
 .text.HAL_GetTick
                0x0000000008001d8c        0xc Drivers/STM32L4xx_HAL_Driver/Src/stm32l4xx_hal.o
                0x0000000008001d8c                HAL_GetTick
 .text.HAL_Delay
                0x0000000008001d98       0x28 Drivers/STM32L4xx_HAL_Driver/Src/stm32l4xx_hal.o
                0x0000000008001d98                HAL_Delay
 .text.HAL_NVIC_SetPriorityGrouping
                0x0000000008001dc0       0x24 Drivers/STM32L4xx_HAL_Driver/Src/stm32l4xx_hal_cortex.o
                0x0000000008001dc0                HAL_NVIC_SetPriorityGrouping
 .text.HAL_NVIC_SetPriority
                0x0000000008001de4       0x68 Drivers/STM32L4xx_HAL_Driver/Src/stm32l4xx_hal_cortex.o
                0x0000000008001de4                HAL_NVIC_SetPriority
 .text.HAL_NVIC_EnableIRQ
                0x0000000008001e4c       0x1c Drivers/STM32L4xx_HAL_Driver/Src/stm32l4xx_hal_cortex.o
                0x0000000008001e4c                HAL_NVIC_EnableIRQ
 .text.HAL_SYSTICK_Config
                0x0000000008001e68       0x2c Drivers/STM32L4xx_HAL_Driver/Src/stm32l4xx_hal_cortex.o
                0x0000000008001e68                HAL_SYSTICK_Config
 .text.DMA_SetConfig
                0x0000000008001e94       0x30 Drivers/STM32L4xx_HAL_Driver/Src/stm32l4xx_hal_dma.o
 .text.HAL_DMA_Init
                0x0000000008001ec4       0xf8 Drivers/STM32L4xx_HAL_Driver/Src/stm32l4xx_hal_dma.o
                0x0000000008001ec4                HAL_DMA_Init
 .text.HAL_DMA_Start_IT
                0x0000000008001fbc       0x76 Drivers/STM32L4xx_HAL_Driver/Src/stm32l4xx_hal_dma.o
                0x0000000008001fbc                HAL_DMA_Start_IT
 .text.HAL_DMA_Abort_IT
                0x0000000008002032       0x50 Drivers/STM32L4xx_HAL_Driver/Src/stm32l4xx_hal_dma.o
                0x0000000008002032                HAL_DMA_Abort_IT
 .text.HAL_DMA_IRQHandler
                0x0000000008002082       0xc4 Drivers/STM32L4xx_HAL_Driver/Src/stm32l4xx_hal_dma.o
                0x0000000008002082                HAL_DMA_IRQHandler
 .text.HAL_DMA_GetState
                0x0000000008002146        0x6 Drivers/STM32L4xx_HAL_Driver/Src/stm32l4xx_hal_dma.o
                0x0000000008002146                HAL_DMA_GetState
 .text.HAL_GPIO_Init
                0x000000000800214c      0x1c8 Drivers/STM32L4xx_HAL_Driver/Src/stm32l4xx_hal_gpio.o
                0x000000000800214c                HAL_GPIO_Init
 .text.HAL_GPIO_WritePin
                0x0000000008002314        0xa Drivers/STM32L4xx_HAL_Driver/Src/stm32l4xx_hal_gpio.o
                0x0000000008002314                HAL_GPIO_WritePin
 .text.HAL_GPIO_TogglePin
                0x000000000800231e       0x12 Drivers/STM32L4xx_HAL_Driver/Src/stm32l4xx_hal_gpio.o
                0x000000000800231e                HAL_GPIO_TogglePin
 .text.I2C_Flush_TXDR
                0x0000000008002330       0x22 Drivers/STM32L4xx_HAL_Driver/Src/stm32l4xx_hal_i2c.o
 .text.I2C_TransferConfig
                0x0000000008002352       0x36 Drivers/STM32L4xx_HAL_Driver/Src/stm32l4xx_hal_i2c.o
 .text.I2C_Enable_IRQ
                0x0000000008002388       0x74 Drivers/STM32L4xx_HAL_Driver/Src/stm32l4xx_hal_i2c.o
 .text.I2C_Disable_IRQ
                0x00000000080023fc       0xac Drivers/STM32L4xx_HAL_Driver/Src/stm32l4xx_hal_i2c.o
 .text.I2C_IsAcknowledgeFailed
                0x00000000080024a8       0x90 Drivers/STM32L4xx_HAL_Driver/Src/stm32l4xx_hal_i2c.o
 .text.I2C_WaitOnTXISFlagUntilTimeout
                0x0000000008002538       0x56 Drivers/STM32L4xx_HAL_Driver/Src/stm32l4xx_hal_i2c.o
 .text.I2C_WaitOnFlagUntilTimeout
                0x000000000800258e       0x52 Drivers/STM32L4xx_HAL_Driver/Src/stm32l4xx_hal_i2c.o
 .text.I2C_WaitOnSTOPFlagUntilTimeout
                0x00000000080025e0       0x50 Drivers/STM32L4xx_HAL_Driver/Src/stm32l4xx_hal_i2c.o
 .text.I2C_WaitOnRXNEFlagUntilTimeout
                0x0000000008002630       0x98 Drivers/STM32L4xx_HAL_Driver/Src/stm32l4xx_hal_i2c.o
 .text.HAL_I2C_Init
                0x00000000080026c8       0xbc Drivers/STM32L4xx_HAL_Driver/Src/stm32l4xx_hal_i2c.o
                0x00000000080026c8                HAL_I2C_Init
 .text.HAL_I2C_Master_Transmit
                0x0000000008002784      0x17c Drivers/STM32L4xx_HAL_Driver/Src/stm32l4xx_hal_i2c.o
                0x0000000008002784                HAL_I2C_Master_Transmit
 .text.HAL_I2C_Master_Receive
                0x0000000008002900      0x17c Drivers/STM32L4xx_HAL_Driver/Src/stm32l4xx_hal_i2c.o
                0x0000000008002900                HAL_I2C_Master_Receive
 .text.HAL_I2C_Master_Receive_IT
                0x0000000008002a7c       0x98 Drivers/STM32L4xx_HAL_Driver/Src/stm32l4xx_hal_i2c.o
                0x0000000008002a7c                HAL_I2C_Master_Receive_IT
 .text.HAL_I2C_EV_IRQHandler
                0x0000000008002b14       0x10 Drivers/STM32L4xx_HAL_Driver/Src/stm32l4xx_hal_i2c.o
                0x0000000008002b14                HAL_I2C_EV_IRQHandler
 .text.HAL_I2C_MasterTxCpltCallback
                0x0000000008002b24        0x2 Drivers/STM32L4xx_HAL_Driver/Src/stm32l4xx_hal_i2c.o
                0x0000000008002b24                HAL_I2C_MasterTxCpltCallback
 .text.I2C_ITMasterSeqCplt
                0x0000000008002b26       0x54 Drivers/STM32L4xx_HAL_Driver/Src/stm32l4xx_hal_i2c.o
 .text.HAL_I2C_SlaveTxCpltCallback
                0x0000000008002b7a        0x2 Drivers/STM32L4xx_HAL_Driver/Src/stm32l4xx_hal_i2c.o
                0x0000000008002b7a                HAL_I2C_SlaveTxCpltCallback
 .text.HAL_I2C_SlaveRxCpltCallback
                0x0000000008002b7c        0x2 Drivers/STM32L4xx_HAL_Driver/Src/stm32l4xx_hal_i2c.o
                0x0000000008002b7c                HAL_I2C_SlaveRxCpltCallback
 .text.I2C_ITSlaveSeqCplt
                0x0000000008002b7e       0x82 Drivers/STM32L4xx_HAL_Driver/Src/stm32l4xx_hal_i2c.o
 .text.HAL_I2C_AddrCallback
                0x0000000008002c00        0x2 Drivers/STM32L4xx_HAL_Driver/Src/stm32l4xx_hal_i2c.o
                0x0000000008002c00                HAL_I2C_AddrCallback
 .text.I2C_ITAddrCplt
                0x0000000008002c02       0xa0 Drivers/STM32L4xx_HAL_Driver/Src/stm32l4xx_hal_i2c.o
 .text.HAL_I2C_ListenCpltCallback
                0x0000000008002ca2        0x2 Drivers/STM32L4xx_HAL_Driver/Src/stm32l4xx_hal_i2c.o
                0x0000000008002ca2                HAL_I2C_ListenCpltCallback
 .text.I2C_ITListenCplt
                0x0000000008002ca4       0x68 Drivers/STM32L4xx_HAL_Driver/Src/stm32l4xx_hal_i2c.o
 .text.HAL_I2C_MemTxCpltCallback
                0x0000000008002d0c        0x2 Drivers/STM32L4xx_HAL_Driver/Src/stm32l4xx_hal_i2c.o
                0x0000000008002d0c                HAL_I2C_MemTxCpltCallback
 .text.HAL_I2C_MemRxCpltCallback
                0x0000000008002d0e        0x2 Drivers/STM32L4xx_HAL_Driver/Src/stm32l4xx_hal_i2c.o
                0x0000000008002d0e                HAL_I2C_MemRxCpltCallback
 .text.HAL_I2C_ErrorCallback
                0x0000000008002d10        0x2 Drivers/STM32L4xx_HAL_Driver/Src/stm32l4xx_hal_i2c.o
                0x0000000008002d10                HAL_I2C_ErrorCallback
 .text.HAL_I2C_AbortCpltCallback
                0x0000000008002d12        0x2 Drivers/STM32L4xx_HAL_Driver/Src/stm32l4xx_hal_i2c.o
                0x0000000008002d12                HAL_I2C_AbortCpltCallback
 .text.I2C_TreatErrorCallback
                0x0000000008002d14       0x2e Drivers/STM32L4xx_HAL_Driver/Src/stm32l4xx_hal_i2c.o
 *fill*         0x0000000008002d42        0x2 
 .text.I2C_ITError
                0x0000000008002d44      0x108 Drivers/STM32L4xx_HAL_Driver/Src/stm32l4xx_hal_i2c.o
 .text.I2C_ITSlaveCplt
                0x0000000008002e4c      0x164 Drivers/STM32L4xx_HAL_Driver/Src/stm32l4xx_hal_i2c.o
 .text.I2C_Slave_ISR_IT
                0x0000000008002fb0      0x14a Drivers/STM32L4xx_HAL_Driver/Src/stm32l4xx_hal_i2c.o
 .text.I2C_ITMasterCplt
                0x00000000080030fa      0x12e Drivers/STM32L4xx_HAL_Driver/Src/stm32l4xx_hal_i2c.o
 .text.I2C_Master_ISR_IT
                0x0000000008003228      0x17c Drivers/STM32L4xx_HAL_Driver/Src/stm32l4xx_hal_i2c.o
 .text.I2C_Slave_ISR_DMA
                0x00000000080033a4      0x120 Drivers/STM32L4xx_HAL_Driver/Src/stm32l4xx_hal_i2c.o
 .text.I2C_Master_ISR_DMA
                0x00000000080034c4      0x140 Drivers/STM32L4xx_HAL_Driver/Src/stm32l4xx_hal_i2c.o
 .text.HAL_I2C_ER_IRQHandler
                0x0000000008003604       0x6a Drivers/STM32L4xx_HAL_Driver/Src/stm32l4xx_hal_i2c.o
                0x0000000008003604                HAL_I2C_ER_IRQHandler
 .text.I2C_DMAAbort
                0x000000000800366e       0x1a Drivers/STM32L4xx_HAL_Driver/Src/stm32l4xx_hal_i2c.o
 .text.HAL_I2CEx_ConfigAnalogFilter
                0x0000000008003688       0x5c Drivers/STM32L4xx_HAL_Driver/Src/stm32l4xx_hal_i2c_ex.o
                0x0000000008003688                HAL_I2CEx_ConfigAnalogFilter
 .text.HAL_I2CEx_ConfigDigitalFilter
                0x00000000080036e4       0x58 Drivers/STM32L4xx_HAL_Driver/Src/stm32l4xx_hal_i2c_ex.o
                0x00000000080036e4                HAL_I2CEx_ConfigDigitalFilter
 .text.HAL_PWR_EnableBkUpAccess
                0x000000000800373c       0x10 Drivers/STM32L4xx_HAL_Driver/Src/stm32l4xx_hal_pwr.o
                0x000000000800373c                HAL_PWR_EnableBkUpAccess
 .text.HAL_PWREx_GetVoltageRange
                0x000000000800374c       0x10 Drivers/STM32L4xx_HAL_Driver/Src/stm32l4xx_hal_pwr_ex.o
                0x000000000800374c                HAL_PWREx_GetVoltageRange
 .text.HAL_PWREx_ControlVoltageScaling
                0x000000000800375c       0x90 Drivers/STM32L4xx_HAL_Driver/Src/stm32l4xx_hal_pwr_ex.o
                0x000000000800375c                HAL_PWREx_ControlVoltageScaling
 .text.RCC_SetFlashLatencyFromMSIRange
                0x00000000080037ec       0x90 Drivers/STM32L4xx_HAL_Driver/Src/stm32l4xx_hal_rcc.o
 .text.HAL_RCC_GetSysClockFreq
                0x000000000800387c       0xb4 Drivers/STM32L4xx_HAL_Driver/Src/stm32l4xx_hal_rcc.o
                0x000000000800387c                HAL_RCC_GetSysClockFreq
 .text.HAL_RCC_OscConfig
                0x0000000008003930      0x638 Drivers/STM32L4xx_HAL_Driver/Src/stm32l4xx_hal_rcc.o
                0x0000000008003930                HAL_RCC_OscConfig
 .text.HAL_RCC_ClockConfig
                0x0000000008003f68      0x158 Drivers/STM32L4xx_HAL_Driver/Src/stm32l4xx_hal_rcc.o
                0x0000000008003f68                HAL_RCC_ClockConfig
 .text.HAL_RCC_GetHCLKFreq
                0x00000000080040c0        0xc Drivers/STM32L4xx_HAL_Driver/Src/stm32l4xx_hal_rcc.o
                0x00000000080040c0                HAL_RCC_GetHCLKFreq
 .text.HAL_RCC_GetPCLK1Freq
                0x00000000080040cc       0x24 Drivers/STM32L4xx_HAL_Driver/Src/stm32l4xx_hal_rcc.o
                0x00000000080040cc                HAL_RCC_GetPCLK1Freq
 .text.HAL_RCC_GetPCLK2Freq
                0x00000000080040f0       0x24 Drivers/STM32L4xx_HAL_Driver/Src/stm32l4xx_hal_rcc.o
                0x00000000080040f0                HAL_RCC_GetPCLK2Freq
 .text.RCCEx_PLLSAI1_Config
                0x0000000008004114      0x170 Drivers/STM32L4xx_HAL_Driver/Src/stm32l4xx_hal_rcc_ex.o
 .text.RCCEx_PLLSAI2_Config
                0x0000000008004284      0x14c Drivers/STM32L4xx_HAL_Driver/Src/stm32l4xx_hal_rcc_ex.o
 .text.HAL_RCCEx_PeriphCLKConfig
                0x00000000080043d0      0x450 Drivers/STM32L4xx_HAL_Driver/Src/stm32l4xx_hal_rcc_ex.o
                0x00000000080043d0                HAL_RCCEx_PeriphCLKConfig
 .text.HAL_RTC_WaitForSynchro
                0x0000000008004820       0x32 Drivers/STM32L4xx_HAL_Driver/Src/stm32l4xx_hal_rtc.o
                0x0000000008004820                HAL_RTC_WaitForSynchro
 .text.RTC_EnterInitMode
                0x0000000008004852       0x44 Drivers/STM32L4xx_HAL_Driver/Src/stm32l4xx_hal_rtc.o
                0x0000000008004852                RTC_EnterInitMode
 *fill*         0x0000000008004896        0x2 
 .text.RTC_ExitInitMode
                0x0000000008004898       0x50 Drivers/STM32L4xx_HAL_Driver/Src/stm32l4xx_hal_rtc.o
                0x0000000008004898                RTC_ExitInitMode
 .text.HAL_RTC_Init
                0x00000000080048e8       0xa0 Drivers/STM32L4xx_HAL_Driver/Src/stm32l4xx_hal_rtc.o
                0x00000000080048e8                HAL_RTC_Init
 .text.RTC_ByteToBcd2
                0x0000000008004988       0x16 Drivers/STM32L4xx_HAL_Driver/Src/stm32l4xx_hal_rtc.o
                0x0000000008004988                RTC_ByteToBcd2
 .text.HAL_RTC_SetTime
                0x000000000800499e       0xd2 Drivers/STM32L4xx_HAL_Driver/Src/stm32l4xx_hal_rtc.o
                0x000000000800499e                HAL_RTC_SetTime
 .text.HAL_RTC_SetDate
                0x0000000008004a70       0xae Drivers/STM32L4xx_HAL_Driver/Src/stm32l4xx_hal_rtc.o
                0x0000000008004a70                HAL_RTC_SetDate
 .text.RTC_Bcd2ToByte
                0x0000000008004b1e       0x12 Drivers/STM32L4xx_HAL_Driver/Src/stm32l4xx_hal_rtc.o
                0x0000000008004b1e                RTC_Bcd2ToByte
 .text.HAL_RTC_GetTime
                0x0000000008004b30       0x52 Drivers/STM32L4xx_HAL_Driver/Src/stm32l4xx_hal_rtc.o
                0x0000000008004b30                HAL_RTC_GetTime
 .text.HAL_RTC_GetDate
                0x0000000008004b82       0x42 Drivers/STM32L4xx_HAL_Driver/Src/stm32l4xx_hal_rtc.o
                0x0000000008004b82                HAL_RTC_GetDate
 .text.TIM_OC1_SetConfig
                0x0000000008004bc4       0x9c Drivers/STM32L4xx_HAL_Driver/Src/stm32l4xx_hal_tim.o
 .text.TIM_OC3_SetConfig
                0x0000000008004c60       0x8c Drivers/STM32L4xx_HAL_Driver/Src/stm32l4xx_hal_tim.o
 .text.TIM_OC4_SetConfig
                0x0000000008004cec       0x6c Drivers/STM32L4xx_HAL_Driver/Src/stm32l4xx_hal_tim.o
 .text.TIM_OC5_SetConfig
                0x0000000008004d58       0x68 Drivers/STM32L4xx_HAL_Driver/Src/stm32l4xx_hal_tim.o
 .text.TIM_OC6_SetConfig
                0x0000000008004dc0       0x6c Drivers/STM32L4xx_HAL_Driver/Src/stm32l4xx_hal_tim.o
 .text.TIM_TI1_ConfigInputStage
                0x0000000008004e2c       0x26 Drivers/STM32L4xx_HAL_Driver/Src/stm32l4xx_hal_tim.o
 .text.TIM_TI2_SetConfig
                0x0000000008004e52       0x34 Drivers/STM32L4xx_HAL_Driver/Src/stm32l4xx_hal_tim.o
 .text.TIM_TI2_ConfigInputStage
                0x0000000008004e86       0x28 Drivers/STM32L4xx_HAL_Driver/Src/stm32l4xx_hal_tim.o
 .text.TIM_TI3_SetConfig
                0x0000000008004eae       0x32 Drivers/STM32L4xx_HAL_Driver/Src/stm32l4xx_hal_tim.o
 .text.TIM_TI4_SetConfig
                0x0000000008004ee0       0x34 Drivers/STM32L4xx_HAL_Driver/Src/stm32l4xx_hal_tim.o
 .text.TIM_ITRx_SetConfig
                0x0000000008004f14       0x10 Drivers/STM32L4xx_HAL_Driver/Src/stm32l4xx_hal_tim.o
 .text.HAL_TIM_PWM_MspInit
                0x0000000008004f24        0x2 Drivers/STM32L4xx_HAL_Driver/Src/stm32l4xx_hal_tim.o
                0x0000000008004f24                HAL_TIM_PWM_MspInit
 .text.HAL_TIM_IC_MspInit
                0x0000000008004f26        0x2 Drivers/STM32L4xx_HAL_Driver/Src/stm32l4xx_hal_tim.o
                0x0000000008004f26                HAL_TIM_IC_MspInit
 .text.HAL_TIM_PeriodElapsedCallback
                0x0000000008004f28        0x2 Drivers/STM32L4xx_HAL_Driver/Src/stm32l4xx_hal_tim.o
                0x0000000008004f28                HAL_TIM_PeriodElapsedCallback
 .text.HAL_TIM_OC_DelayElapsedCallback
                0x0000000008004f2a        0x2 Drivers/STM32L4xx_HAL_Driver/Src/stm32l4xx_hal_tim.o
                0x0000000008004f2a                HAL_TIM_OC_DelayElapsedCallback
 .text.TIM_DMACaptureCplt
                0x0000000008004f2c       0x80 Drivers/STM32L4xx_HAL_Driver/Src/stm32l4xx_hal_tim.o
                0x0000000008004f2c                TIM_DMACaptureCplt
 .text.HAL_TIM_IC_CaptureHalfCpltCallback
                0x0000000008004fac        0x2 Drivers/STM32L4xx_HAL_Driver/Src/stm32l4xx_hal_tim.o
                0x0000000008004fac                HAL_TIM_IC_CaptureHalfCpltCallback
 .text.TIM_DMACaptureHalfCplt
                0x0000000008004fae       0x3e Drivers/STM32L4xx_HAL_Driver/Src/stm32l4xx_hal_tim.o
                0x0000000008004fae                TIM_DMACaptureHalfCplt
 .text.HAL_TIM_PWM_PulseFinishedCallback
                0x0000000008004fec        0x2 Drivers/STM32L4xx_HAL_Driver/Src/stm32l4xx_hal_tim.o
                0x0000000008004fec                HAL_TIM_PWM_PulseFinishedCallback
 .text.HAL_TIM_TriggerCallback
                0x0000000008004fee        0x2 Drivers/STM32L4xx_HAL_Driver/Src/stm32l4xx_hal_tim.o
                0x0000000008004fee                HAL_TIM_TriggerCallback
 .text.HAL_TIM_IRQHandler
                0x0000000008004ff0      0x19a Drivers/STM32L4xx_HAL_Driver/Src/stm32l4xx_hal_tim.o
                0x0000000008004ff0                HAL_TIM_IRQHandler
 .text.HAL_TIM_ErrorCallback
                0x000000000800518a        0x2 Drivers/STM32L4xx_HAL_Driver/Src/stm32l4xx_hal_tim.o
                0x000000000800518a                HAL_TIM_ErrorCallback
 .text.TIM_DMAError
                0x000000000800518c       0x5c Drivers/STM32L4xx_HAL_Driver/Src/stm32l4xx_hal_tim.o
                0x000000000800518c                TIM_DMAError
 .text.TIM_Base_SetConfig
                0x00000000080051e8       0xc8 Drivers/STM32L4xx_HAL_Driver/Src/stm32l4xx_hal_tim.o
                0x00000000080051e8                TIM_Base_SetConfig
 .text.HAL_TIM_Base_Init
                0x00000000080052b0       0x5e Drivers/STM32L4xx_HAL_Driver/Src/stm32l4xx_hal_tim.o
                0x00000000080052b0                HAL_TIM_Base_Init
 .text.HAL_TIM_PWM_Init
                0x000000000800530e       0x5e Drivers/STM32L4xx_HAL_Driver/Src/stm32l4xx_hal_tim.o
                0x000000000800530e                HAL_TIM_PWM_Init
 .text.HAL_TIM_IC_Init
                0x000000000800536c       0x5e Drivers/STM32L4xx_HAL_Driver/Src/stm32l4xx_hal_tim.o
                0x000000000800536c                HAL_TIM_IC_Init
 *fill*         0x00000000080053ca        0x2 
 .text.TIM_OC2_SetConfig
                0x00000000080053cc       0x8c Drivers/STM32L4xx_HAL_Driver/Src/stm32l4xx_hal_tim.o
                0x00000000080053cc                TIM_OC2_SetConfig
 .text.HAL_TIM_PWM_ConfigChannel
                0x0000000008005458      0x128 Drivers/STM32L4xx_HAL_Driver/Src/stm32l4xx_hal_tim.o
                0x0000000008005458                HAL_TIM_PWM_ConfigChannel
 .text.TIM_TI1_SetConfig
                0x0000000008005580       0x70 Drivers/STM32L4xx_HAL_Driver/Src/stm32l4xx_hal_tim.o
                0x0000000008005580                TIM_TI1_SetConfig
 .text.HAL_TIM_IC_ConfigChannel
                0x00000000080055f0       0xb4 Drivers/STM32L4xx_HAL_Driver/Src/stm32l4xx_hal_tim.o
                0x00000000080055f0                HAL_TIM_IC_ConfigChannel
 .text.TIM_ETR_SetConfig
                0x00000000080056a4       0x18 Drivers/STM32L4xx_HAL_Driver/Src/stm32l4xx_hal_tim.o
                0x00000000080056a4                TIM_ETR_SetConfig
 .text.HAL_TIM_ConfigClockSource
                0x00000000080056bc       0xdc Drivers/STM32L4xx_HAL_Driver/Src/stm32l4xx_hal_tim.o
                0x00000000080056bc                HAL_TIM_ConfigClockSource
 .text.TIM_CCxChannelCmd
                0x0000000008005798       0x22 Drivers/STM32L4xx_HAL_Driver/Src/stm32l4xx_hal_tim.o
                0x0000000008005798                TIM_CCxChannelCmd
 *fill*         0x00000000080057ba        0x2 
 .text.HAL_TIM_PWM_Start
                0x00000000080057bc      0x16c Drivers/STM32L4xx_HAL_Driver/Src/stm32l4xx_hal_tim.o
                0x00000000080057bc                HAL_TIM_PWM_Start
 .text.HAL_TIM_IC_Start_DMA
                0x0000000008005928      0x25c Drivers/STM32L4xx_HAL_Driver/Src/stm32l4xx_hal_tim.o
                0x0000000008005928                HAL_TIM_IC_Start_DMA
 .text.HAL_TIMEx_MasterConfigSynchronization
                0x0000000008005b84       0x98 Drivers/STM32L4xx_HAL_Driver/Src/stm32l4xx_hal_tim_ex.o
                0x0000000008005b84                HAL_TIMEx_MasterConfigSynchronization
 .text.HAL_TIMEx_ConfigBreakDeadTime
                0x0000000008005c1c       0x90 Drivers/STM32L4xx_HAL_Driver/Src/stm32l4xx_hal_tim_ex.o
                0x0000000008005c1c                HAL_TIMEx_ConfigBreakDeadTime
 .text.HAL_TIMEx_CommutCallback
                0x0000000008005cac        0x2 Drivers/STM32L4xx_HAL_Driver/Src/stm32l4xx_hal_tim_ex.o
                0x0000000008005cac                HAL_TIMEx_CommutCallback
 .text.HAL_TIMEx_BreakCallback
                0x0000000008005cae        0x2 Drivers/STM32L4xx_HAL_Driver/Src/stm32l4xx_hal_tim_ex.o
                0x0000000008005cae                HAL_TIMEx_BreakCallback
 .text.HAL_TIMEx_Break2Callback
                0x0000000008005cb0        0x2 Drivers/STM32L4xx_HAL_Driver/Src/stm32l4xx_hal_tim_ex.o
                0x0000000008005cb0                HAL_TIMEx_Break2Callback
 *fill*         0x0000000008005cb2        0x2 
 .text.UART_SetConfig
                0x0000000008005cb4      0x324 Drivers/STM32L4xx_HAL_Driver/Src/stm32l4xx_hal_uart.o
                0x0000000008005cb4                UART_SetConfig
 .text.UART_AdvFeatureConfig
                0x0000000008005fd8       0xca Drivers/STM32L4xx_HAL_Driver/Src/stm32l4xx_hal_uart.o
                0x0000000008005fd8                UART_AdvFeatureConfig
 .text.UART_WaitOnFlagUntilTimeout
                0x00000000080060a2       0x9c Drivers/STM32L4xx_HAL_Driver/Src/stm32l4xx_hal_uart.o
                0x00000000080060a2                UART_WaitOnFlagUntilTimeout
 .text.HAL_UART_Transmit
                0x000000000800613e       0xd8 Drivers/STM32L4xx_HAL_Driver/Src/stm32l4xx_hal_uart.o
                0x000000000800613e                HAL_UART_Transmit
 .text.UART_CheckIdleState
                0x0000000008006216       0x6c Drivers/STM32L4xx_HAL_Driver/Src/stm32l4xx_hal_uart.o
                0x0000000008006216                UART_CheckIdleState
 .text.HAL_UART_Init
                0x0000000008006282       0x62 Drivers/STM32L4xx_HAL_Driver/Src/stm32l4xx_hal_uart.o
                0x0000000008006282                HAL_UART_Init
 .text.Reset_Handler
                0x00000000080062e4       0x50 startup/startup_stm32l476xx.o
                0x00000000080062e4                Reset_Handler
 .text.Default_Handler
                0x0000000008006334        0x2 startup/startup_stm32l476xx.o
                0x0000000008006334                RTC_Alarm_IRQHandler
                0x0000000008006334                EXTI2_IRQHandler
                0x0000000008006334                TIM8_TRG_COM_IRQHandler
                0x0000000008006334                TIM8_CC_IRQHandler
                0x0000000008006334                TIM1_CC_IRQHandler
                0x0000000008006334                TSC_IRQHandler
                0x0000000008006334                TAMP_STAMP_IRQHandler
                0x0000000008006334                EXTI3_IRQHandler
                0x0000000008006334                LPTIM2_IRQHandler
                0x0000000008006334                DFSDM1_FLT1_IRQHandler
                0x0000000008006334                I2C3_ER_IRQHandler
                0x0000000008006334                DFSDM1_FLT2_IRQHandler
                0x0000000008006334                EXTI0_IRQHandler
                0x0000000008006334                I2C2_EV_IRQHandler
                0x0000000008006334                CAN1_RX0_IRQHandler
                0x0000000008006334                FPU_IRQHandler
                0x0000000008006334                TIM1_UP_TIM16_IRQHandler
                0x0000000008006334                ADC1_2_IRQHandler
                0x0000000008006334                SPI1_IRQHandler
                0x0000000008006334                TIM6_DAC_IRQHandler
                0x0000000008006334                TIM8_UP_IRQHandler
                0x0000000008006334                DMA2_Channel2_IRQHandler
                0x0000000008006334                DMA1_Channel4_IRQHandler
                0x0000000008006334                SAI2_IRQHandler
                0x0000000008006334                DFSDM1_FLT3_IRQHandler
                0x0000000008006334                USART3_IRQHandler
                0x0000000008006334                CAN1_RX1_IRQHandler
                0x0000000008006334                LCD_IRQHandler
                0x0000000008006334                UART5_IRQHandler
                0x0000000008006334                ADC3_IRQHandler
                0x0000000008006334                TIM4_IRQHandler
                0x0000000008006334                DMA2_Channel1_IRQHandler
                0x0000000008006334                QUADSPI_IRQHandler
                0x0000000008006334                DMA1_Channel6_IRQHandler
                0x0000000008006334                UART4_IRQHandler
                0x0000000008006334                TIM3_IRQHandler
                0x0000000008006334                RCC_IRQHandler
                0x0000000008006334                DMA1_Channel1_IRQHandler
                0x0000000008006334                Default_Handler
                0x0000000008006334                DMA2_Channel7_IRQHandler
                0x0000000008006334                EXTI15_10_IRQHandler
                0x0000000008006334                TIM7_IRQHandler
                0x0000000008006334                SDMMC1_IRQHandler
                0x0000000008006334                I2C3_EV_IRQHandler
                0x0000000008006334                EXTI9_5_IRQHandler
                0x0000000008006334                RTC_WKUP_IRQHandler
                0x0000000008006334                PVD_PVM_IRQHandler
                0x0000000008006334                SPI2_IRQHandler
                0x0000000008006334                CAN1_TX_IRQHandler
                0x0000000008006334                EXTI4_IRQHandler
                0x0000000008006334                RNG_IRQHandler
                0x0000000008006334                TIM1_TRG_COM_TIM17_IRQHandler
                0x0000000008006334                DMA1_Channel3_IRQHandler
                0x0000000008006334                COMP_IRQHandler
                0x0000000008006334                WWDG_IRQHandler
                0x0000000008006334                LPUART1_IRQHandler
                0x0000000008006334                DMA2_Channel6_IRQHandler
                0x0000000008006334                EXTI1_IRQHandler
                0x0000000008006334                USART2_IRQHandler
                0x0000000008006334                DFSDM1_FLT0_IRQHandler
                0x0000000008006334                I2C2_ER_IRQHandler
                0x0000000008006334                DMA1_Channel2_IRQHandler
                0x0000000008006334                TIM8_BRK_IRQHandler
                0x0000000008006334                CAN1_SCE_IRQHandler
                0x0000000008006334                FLASH_IRQHandler
                0x0000000008006334                USART1_IRQHandler
                0x0000000008006334                OTG_FS_IRQHandler
                0x0000000008006334                SPI3_IRQHandler
                0x0000000008006334                FMC_IRQHandler
                0x0000000008006334                SWPMI1_IRQHandler
                0x0000000008006334                LPTIM1_IRQHandler
                0x0000000008006334                SAI1_IRQHandler
                0x0000000008006334                DMA2_Channel3_IRQHandler
                0x0000000008006334                TIM1_BRK_TIM15_IRQHandler
 *fill*         0x0000000008006336        0x2 
 .text.__errno  0x0000000008006338        0xc /home/pvl/Privat/stm32/Ac6/plugins/fr.ac6.mcu.externaltools.arm-none.linux64_1.17.0.201812190825/tools/compiler/bin/../lib/gcc/arm-none-eabi/7.3.1/../../../../arm-none-eabi/lib/thumb/v7e-m/fpv4-sp/hard/libc_nano.a(lib_a-errno.o)
                0x0000000008006338                __errno
 .text.__libc_init_array
                0x0000000008006344       0x48 /home/pvl/Privat/stm32/Ac6/plugins/fr.ac6.mcu.externaltools.arm-none.linux64_1.17.0.201812190825/tools/compiler/bin/../lib/gcc/arm-none-eabi/7.3.1/../../../../arm-none-eabi/lib/thumb/v7e-m/fpv4-sp/hard/libc_nano.a(lib_a-init.o)
                0x0000000008006344                __libc_init_array
 .text.memset   0x000000000800638c       0x10 /home/pvl/Privat/stm32/Ac6/plugins/fr.ac6.mcu.externaltools.arm-none.linux64_1.17.0.201812190825/tools/compiler/bin/../lib/gcc/arm-none-eabi/7.3.1/../../../../arm-none-eabi/lib/thumb/v7e-m/fpv4-sp/hard/libc_nano.a(lib_a-memset.o)
                0x000000000800638c                memset
 .text.sprintf  0x000000000800639c       0x40 /home/pvl/Privat/stm32/Ac6/plugins/fr.ac6.mcu.externaltools.arm-none.linux64_1.17.0.201812190825/tools/compiler/bin/../lib/gcc/arm-none-eabi/7.3.1/../../../../arm-none-eabi/lib/thumb/v7e-m/fpv4-sp/hard/libc_nano.a(lib_a-sprintf.o)
                0x000000000800639c                sprintf
                0x000000000800639c                siprintf
 .text.__ssputs_r
                0x00000000080063dc       0xb4 /home/pvl/Privat/stm32/Ac6/plugins/fr.ac6.mcu.externaltools.arm-none.linux64_1.17.0.201812190825/tools/compiler/bin/../lib/gcc/arm-none-eabi/7.3.1/../../../../arm-none-eabi/lib/thumb/v7e-m/fpv4-sp/hard/libc_nano.a(lib_a-nano-svfprintf.o)
                0x00000000080063dc                __ssputs_r
 .text._svfprintf_r
                0x0000000008006490      0x1f0 /home/pvl/Privat/stm32/Ac6/plugins/fr.ac6.mcu.externaltools.arm-none.linux64_1.17.0.201812190825/tools/compiler/bin/../lib/gcc/arm-none-eabi/7.3.1/../../../../arm-none-eabi/lib/thumb/v7e-m/fpv4-sp/hard/libc_nano.a(lib_a-nano-svfprintf.o)
                0x0000000008006490                _svfprintf_r
                0x0000000008006490                _svfiprintf_r
 .text._printf_common
                0x0000000008006680       0xea /home/pvl/Privat/stm32/Ac6/plugins/fr.ac6.mcu.externaltools.arm-none.linux64_1.17.0.201812190825/tools/compiler/bin/../lib/gcc/arm-none-eabi/7.3.1/../../../../arm-none-eabi/lib/thumb/v7e-m/fpv4-sp/hard/libc_nano.a(lib_a-nano-vfprintf_i.o)
                0x0000000008006680                _printf_common
 *fill*         0x000000000800676a        0x2 
 .text._printf_i
                0x000000000800676c      0x224 /home/pvl/Privat/stm32/Ac6/plugins/fr.ac6.mcu.externaltools.arm-none.linux64_1.17.0.201812190825/tools/compiler/bin/../lib/gcc/arm-none-eabi/7.3.1/../../../../arm-none-eabi/lib/thumb/v7e-m/fpv4-sp/hard/libc_nano.a(lib_a-nano-vfprintf_i.o)
                0x000000000800676c                _printf_i
 .text.memcpy   0x0000000008006990       0x16 /home/pvl/Privat/stm32/Ac6/plugins/fr.ac6.mcu.externaltools.arm-none.linux64_1.17.0.201812190825/tools/compiler/bin/../lib/gcc/arm-none-eabi/7.3.1/../../../../arm-none-eabi/lib/thumb/v7e-m/fpv4-sp/hard/libc_nano.a(lib_a-memcpy-stub.o)
                0x0000000008006990                memcpy
 .text.memmove  0x00000000080069a6       0x32 /home/pvl/Privat/stm32/Ac6/plugins/fr.ac6.mcu.externaltools.arm-none.linux64_1.17.0.201812190825/tools/compiler/bin/../lib/gcc/arm-none-eabi/7.3.1/../../../../arm-none-eabi/lib/thumb/v7e-m/fpv4-sp/hard/libc_nano.a(lib_a-memmove.o)
                0x00000000080069a6                memmove
 .text._free_r  0x00000000080069d8       0x9c /home/pvl/Privat/stm32/Ac6/plugins/fr.ac6.mcu.externaltools.arm-none.linux64_1.17.0.201812190825/tools/compiler/bin/../lib/gcc/arm-none-eabi/7.3.1/../../../../arm-none-eabi/lib/thumb/v7e-m/fpv4-sp/hard/libc_nano.a(lib_a-nano-freer.o)
                0x00000000080069d8                _free_r
 .text._malloc_r
                0x0000000008006a74       0xb4 /home/pvl/Privat/stm32/Ac6/plugins/fr.ac6.mcu.externaltools.arm-none.linux64_1.17.0.201812190825/tools/compiler/bin/../lib/gcc/arm-none-eabi/7.3.1/../../../../arm-none-eabi/lib/thumb/v7e-m/fpv4-sp/hard/libc_nano.a(lib_a-nano-mallocr.o)
                0x0000000008006a74                _malloc_r
 .text._realloc_r
                0x0000000008006b28       0x4c /home/pvl/Privat/stm32/Ac6/plugins/fr.ac6.mcu.externaltools.arm-none.linux64_1.17.0.201812190825/tools/compiler/bin/../lib/gcc/arm-none-eabi/7.3.1/../../../../arm-none-eabi/lib/thumb/v7e-m/fpv4-sp/hard/libc_nano.a(lib_a-nano-reallocr.o)
                0x0000000008006b28                _realloc_r
 .text._sbrk_r  0x0000000008006b74       0x20 /home/pvl/Privat/stm32/Ac6/plugins/fr.ac6.mcu.externaltools.arm-none.linux64_1.17.0.201812190825/tools/compiler/bin/../lib/gcc/arm-none-eabi/7.3.1/../../../../arm-none-eabi/lib/thumb/v7e-m/fpv4-sp/hard/libc_nano.a(lib_a-sbrkr.o)
                0x0000000008006b74                _sbrk_r
 .text.__malloc_lock
                0x0000000008006b94        0x2 /home/pvl/Privat/stm32/Ac6/plugins/fr.ac6.mcu.externaltools.arm-none.linux64_1.17.0.201812190825/tools/compiler/bin/../lib/gcc/arm-none-eabi/7.3.1/../../../../arm-none-eabi/lib/thumb/v7e-m/fpv4-sp/hard/libc_nano.a(lib_a-mlock.o)
                0x0000000008006b94                __malloc_lock
 .text.__malloc_unlock
                0x0000000008006b96        0x2 /home/pvl/Privat/stm32/Ac6/plugins/fr.ac6.mcu.externaltools.arm-none.linux64_1.17.0.201812190825/tools/compiler/bin/../lib/gcc/arm-none-eabi/7.3.1/../../../../arm-none-eabi/lib/thumb/v7e-m/fpv4-sp/hard/libc_nano.a(lib_a-mlock.o)
                0x0000000008006b96                __malloc_unlock
 .text._malloc_usable_size_r
                0x0000000008006b98       0x10 /home/pvl/Privat/stm32/Ac6/plugins/fr.ac6.mcu.externaltools.arm-none.linux64_1.17.0.201812190825/tools/compiler/bin/../lib/gcc/arm-none-eabi/7.3.1/../../../../arm-none-eabi/lib/thumb/v7e-m/fpv4-sp/hard/libc_nano.a(lib_a-nano-msizer.o)
                0x0000000008006b98                _malloc_usable_size_r
 *(.glue_7)
 .glue_7        0x0000000008006ba8        0x0 linker stubs
 *(.glue_7t)
 .glue_7t       0x0000000008006ba8        0x0 linker stubs
 *(.eh_frame)
 .eh_frame      0x0000000008006ba8        0x0 /home/pvl/Privat/stm32/Ac6/plugins/fr.ac6.mcu.externaltools.arm-none.linux64_1.17.0.201812190825/tools/compiler/bin/../lib/gcc/arm-none-eabi/7.3.1/thumb/v7e-m/fpv4-sp/hard/crtbegin.o
 *(.init)
 .init          0x0000000008006ba8        0x4 /home/pvl/Privat/stm32/Ac6/plugins/fr.ac6.mcu.externaltools.arm-none.linux64_1.17.0.201812190825/tools/compiler/bin/../lib/gcc/arm-none-eabi/7.3.1/thumb/v7e-m/fpv4-sp/hard/crti.o
                0x0000000008006ba8                _init
 .init          0x0000000008006bac        0x8 /home/pvl/Privat/stm32/Ac6/plugins/fr.ac6.mcu.externaltools.arm-none.linux64_1.17.0.201812190825/tools/compiler/bin/../lib/gcc/arm-none-eabi/7.3.1/thumb/v7e-m/fpv4-sp/hard/crtn.o
 *(.fini)
 .fini          0x0000000008006bb4        0x4 /home/pvl/Privat/stm32/Ac6/plugins/fr.ac6.mcu.externaltools.arm-none.linux64_1.17.0.201812190825/tools/compiler/bin/../lib/gcc/arm-none-eabi/7.3.1/thumb/v7e-m/fpv4-sp/hard/crti.o
                0x0000000008006bb4                _fini
 .fini          0x0000000008006bb8        0x8 /home/pvl/Privat/stm32/Ac6/plugins/fr.ac6.mcu.externaltools.arm-none.linux64_1.17.0.201812190825/tools/compiler/bin/../lib/gcc/arm-none-eabi/7.3.1/thumb/v7e-m/fpv4-sp/hard/crtn.o
                0x0000000008006bc0                . = ALIGN (0x8)
                0x0000000008006bc0                _etext = .

.vfp11_veneer   0x0000000008006bc0        0x0
 .vfp11_veneer  0x0000000008006bc0        0x0 linker stubs

.v4_bx          0x0000000008006bc0        0x0
 .v4_bx         0x0000000008006bc0        0x0 linker stubs

.iplt           0x0000000008006bc0        0x0
 .iplt          0x0000000008006bc0        0x0 /home/pvl/Privat/stm32/Ac6/plugins/fr.ac6.mcu.externaltools.arm-none.linux64_1.17.0.201812190825/tools/compiler/bin/../lib/gcc/arm-none-eabi/7.3.1/thumb/v7e-m/fpv4-sp/hard/crtbegin.o

.rodata         0x0000000008006bc0       0xa0
                0x0000000008006bc0                . = ALIGN (0x8)
 *(.rodata)
 .rodata        0x0000000008006bc0       0x48 Core/Src/system_stm32l4xx.o
                0x0000000008006bc0                MSIRangeTable
                0x0000000008006bf0                AHBPrescTable
                0x0000000008006c00                APBPrescTable
 *(.rodata*)
 .rodata.str1.4
                0x0000000008006c08       0x24 Core/Src/Boot.o
                                         0x21 (size before relaxing)
 .rodata._svfprintf_r.str1.1
                0x0000000008006c2c       0x11 /home/pvl/Privat/stm32/Ac6/plugins/fr.ac6.mcu.externaltools.arm-none.linux64_1.17.0.201812190825/tools/compiler/bin/../lib/gcc/arm-none-eabi/7.3.1/../../../../arm-none-eabi/lib/thumb/v7e-m/fpv4-sp/hard/libc_nano.a(lib_a-nano-svfprintf.o)
 .rodata._printf_i.str1.1
                0x0000000008006c3d       0x22 /home/pvl/Privat/stm32/Ac6/plugins/fr.ac6.mcu.externaltools.arm-none.linux64_1.17.0.201812190825/tools/compiler/bin/../lib/gcc/arm-none-eabi/7.3.1/../../../../arm-none-eabi/lib/thumb/v7e-m/fpv4-sp/hard/libc_nano.a(lib_a-nano-vfprintf_i.o)
                0x0000000008006c60                . = ALIGN (0x8)
 *fill*         0x0000000008006c5f        0x1 

.ARM.extab      0x0000000008006c60        0x0
                0x0000000008006c60                . = ALIGN (0x8)
 *(.ARM.extab* .gnu.linkonce.armextab.*)
                0x0000000008006c60                . = ALIGN (0x8)

.ARM            0x0000000008006c60        0x8
                0x0000000008006c60                . = ALIGN (0x8)
                0x0000000008006c60                __exidx_start = .
 *(.ARM.exidx*)
 .ARM.exidx     0x0000000008006c60        0x8 /home/pvl/Privat/stm32/Ac6/plugins/fr.ac6.mcu.externaltools.arm-none.linux64_1.17.0.201812190825/tools/compiler/bin/../lib/gcc/arm-none-eabi/7.3.1/thumb/v7e-m/fpv4-sp/hard/libgcc.a(_udivmoddi4.o)
                0x0000000008006c68                __exidx_end = .
                0x0000000008006c68                . = ALIGN (0x8)

.rel.dyn        0x0000000008006c68        0x0
 .rel.iplt      0x0000000008006c68        0x0 /home/pvl/Privat/stm32/Ac6/plugins/fr.ac6.mcu.externaltools.arm-none.linux64_1.17.0.201812190825/tools/compiler/bin/../lib/gcc/arm-none-eabi/7.3.1/thumb/v7e-m/fpv4-sp/hard/crtbegin.o

.preinit_array  0x0000000008006c68        0x0
                0x0000000008006c68                . = ALIGN (0x8)
                0x0000000008006c68                PROVIDE (__preinit_array_start = .)
 *(.preinit_array*)
                0x0000000008006c68                PROVIDE (__preinit_array_end = .)
                0x0000000008006c68                . = ALIGN (0x8)

.init_array     0x0000000008006c68        0x8
                0x0000000008006c68                . = ALIGN (0x8)
                0x0000000008006c68                PROVIDE (__init_array_start = .)
 *(SORT_BY_NAME(.init_array.*))
 *(.init_array*)
 .init_array    0x0000000008006c68        0x4 /home/pvl/Privat/stm32/Ac6/plugins/fr.ac6.mcu.externaltools.arm-none.linux64_1.17.0.201812190825/tools/compiler/bin/../lib/gcc/arm-none-eabi/7.3.1/thumb/v7e-m/fpv4-sp/hard/crtbegin.o
                0x0000000008006c6c                PROVIDE (__init_array_end = .)
                0x0000000008006c70                . = ALIGN (0x8)
 *fill*         0x0000000008006c6c        0x4 

.fini_array     0x0000000008006c70        0x8
                0x0000000008006c70                . = ALIGN (0x8)
                [!provide]                        PROVIDE (__fini_array_start = .)
 *(SORT_BY_NAME(.fini_array.*))
 *(.fini_array*)
 .fini_array    0x0000000008006c70        0x4 /home/pvl/Privat/stm32/Ac6/plugins/fr.ac6.mcu.externaltools.arm-none.linux64_1.17.0.201812190825/tools/compiler/bin/../lib/gcc/arm-none-eabi/7.3.1/thumb/v7e-m/fpv4-sp/hard/crtbegin.o
                [!provide]                        PROVIDE (__fini_array_end = .)
                0x0000000008006c78                . = ALIGN (0x8)
 *fill*         0x0000000008006c74        0x4 
                0x0000000008006c78                _sidata = LOADADDR (.data)

.data           0x0000000020000000       0x78 load address 0x0000000008006c78
                0x0000000020000000                . = ALIGN (0x8)
                0x0000000020000000                _sdata = .
 *(.data)
 .data          0x0000000020000000        0x1 Core/Src/Boot.o
                0x0000000020000000                PayloadId
 .data          0x0000000020000001        0x2 Core/Src/LUX.o
                0x0000000020000001                Lux
                0x0000000020000002                lux_address
 .data          0x0000000020000003        0x1 Core/Src/lm75.o
                0x0000000020000003                tempSens
 .data          0x0000000020000004        0x4 Core/Src/system_stm32l4xx.o
                0x0000000020000004                SystemCoreClock
 .data          0x0000000020000008        0x8 Drivers/STM32L4xx_HAL_Driver/Src/stm32l4xx_hal.o
                0x0000000020000008                uwTickFreq
                0x000000002000000c                uwTickPrio
 *(.data*)
 .data._impure_ptr
                0x0000000020000010        0x4 /home/pvl/Privat/stm32/Ac6/plugins/fr.ac6.mcu.externaltools.arm-none.linux64_1.17.0.201812190825/tools/compiler/bin/../lib/gcc/arm-none-eabi/7.3.1/../../../../arm-none-eabi/lib/thumb/v7e-m/fpv4-sp/hard/libc_nano.a(lib_a-impure.o)
                0x0000000020000010                _impure_ptr
 .data.impure_data
                0x0000000020000014       0x60 /home/pvl/Privat/stm32/Ac6/plugins/fr.ac6.mcu.externaltools.arm-none.linux64_1.17.0.201812190825/tools/compiler/bin/../lib/gcc/arm-none-eabi/7.3.1/../../../../arm-none-eabi/lib/thumb/v7e-m/fpv4-sp/hard/libc_nano.a(lib_a-impure.o)
                0x0000000020000078                . = ALIGN (0x8)
 *fill*         0x0000000020000074        0x4 
                0x0000000020000078                _edata = .

.igot.plt       0x0000000020000078        0x0 load address 0x0000000008006cf0
 .igot.plt      0x0000000020000078        0x0 /home/pvl/Privat/stm32/Ac6/plugins/fr.ac6.mcu.externaltools.arm-none.linux64_1.17.0.201812190825/tools/compiler/bin/../lib/gcc/arm-none-eabi/7.3.1/thumb/v7e-m/fpv4-sp/hard/crtbegin.o
                0x0000000020000078                . = ALIGN (0x4)

.bss            0x0000000020000078     0x14d0 load address 0x0000000008006cf0
                0x0000000020000078                _sbss = .
                0x0000000020000078                __bss_start__ = _sbss
 *(.bss)
 .bss           0x0000000020000078       0x1c /home/pvl/Privat/stm32/Ac6/plugins/fr.ac6.mcu.externaltools.arm-none.linux64_1.17.0.201812190825/tools/compiler/bin/../lib/gcc/arm-none-eabi/7.3.1/thumb/v7e-m/fpv4-sp/hard/crtbegin.o
 .bss           0x0000000020000094       0x18 Core/Src/frequencyRead.o
                0x0000000020000094                riseCaptured
                0x0000000020000098                fallCaptured
                0x000000002000009c                frequency_ideal
                0x00000000200000a0                isMeasured
                0x00000000200000a4                frequency_notIdeal
                0x00000000200000a8                width
 .bss           0x00000000200000ac        0x8 Core/Src/syscalls.o
                0x00000000200000b0                __env
 *(.bss*)
 .bss.__malloc_free_list
                0x00000000200000b4        0x4 /home/pvl/Privat/stm32/Ac6/plugins/fr.ac6.mcu.externaltools.arm-none.linux64_1.17.0.201812190825/tools/compiler/bin/../lib/gcc/arm-none-eabi/7.3.1/../../../../arm-none-eabi/lib/thumb/v7e-m/fpv4-sp/hard/libc_nano.a(lib_a-nano-mallocr.o)
                0x00000000200000b4                __malloc_free_list
 .bss.__malloc_sbrk_start
                0x00000000200000b8        0x4 /home/pvl/Privat/stm32/Ac6/plugins/fr.ac6.mcu.externaltools.arm-none.linux64_1.17.0.201812190825/tools/compiler/bin/../lib/gcc/arm-none-eabi/7.3.1/../../../../arm-none-eabi/lib/thumb/v7e-m/fpv4-sp/hard/libc_nano.a(lib_a-nano-mallocr.o)
                0x00000000200000b8                __malloc_sbrk_start
 *(COMMON)
 COMMON         0x00000000200000bc       0x9c Core/Src/Boot.o
                0x00000000200000bc                sTime
                0x00000000200000d0                sDate
                0x00000000200000d4                data
                0x00000000200000f4                str
 COMMON         0x0000000020000158        0xe Core/Src/LUX.o
                0x0000000020000158                bufLux
                0x000000002000015a                lux_val
                0x000000002000015c                receive
 *fill*         0x0000000020000166        0x2 
 COMMON         0x0000000020000168     0x10d0 Core/Src/frequencyRead.o
                0x0000000020000168                str_final
                0x00000000200001cc                str1
                0x0000000020000230                riseData
                0x0000000020000a00                freq_differ
                0x0000000020000a04                str2
                0x0000000020000a68                fallData
 COMMON         0x0000000020001238       0x11 Core/Src/lm75.o
                0x0000000020001238                val
                0x000000002000123c                bufTemp
                0x0000000020001248                temp_C
 *fill*         0x0000000020001249        0x3 
 COMMON         0x000000002000124c      0x2f4 Core/Src/main.o
                0x000000002000124c                hdma_tim2_ch1
                0x0000000020001294                hi2c1
                0x00000000200012e0                hdma_tim2_ch2_ch4
                0x0000000020001328                htim5
                0x0000000020001374                hdma_tim5_ch1
                0x00000000200013bc                hdma_tim5_ch2
                0x0000000020001404                hrtc
                0x0000000020001428                htim1
                0x0000000020001474                htim2
                0x00000000200014c0                huart2
 COMMON         0x0000000020001540        0x4 Drivers/STM32L4xx_HAL_Driver/Src/stm32l4xx_hal.o
                0x0000000020001540                uwTick
 COMMON         0x0000000020001544        0x4 /home/pvl/Privat/stm32/Ac6/plugins/fr.ac6.mcu.externaltools.arm-none.linux64_1.17.0.201812190825/tools/compiler/bin/../lib/gcc/arm-none-eabi/7.3.1/../../../../arm-none-eabi/lib/thumb/v7e-m/fpv4-sp/hard/libc_nano.a(lib_a-reent.o)
                0x0000000020001544                errno
                0x0000000020001548                . = ALIGN (0x4)
                0x0000000020001548                _ebss = .
                0x0000000020001548                __bss_end__ = _ebss

._user_heap_stack
                0x0000000020001548      0x600 load address 0x0000000008006cf0
                0x0000000020001548                . = ALIGN (0x8)
                0x0000000020001548                PROVIDE (end = .)
                [!provide]                        PROVIDE (_end = .)
                0x0000000020001748                . = (. + _Min_Heap_Size)
 *fill*         0x0000000020001548      0x200 
                0x0000000020001b48                . = (. + _Min_Stack_Size)
 *fill*         0x0000000020001748      0x400 
                0x0000000020001b48                . = ALIGN (0x8)

/DISCARD/
 libc.a(*)
 libm.a(*)
 libgcc.a(*)

.ARM.attributes
                0x0000000000000000       0x30
 *(.ARM.attributes)
 .ARM.attributes
                0x0000000000000000       0x22 /home/pvl/Privat/stm32/Ac6/plugins/fr.ac6.mcu.externaltools.arm-none.linux64_1.17.0.201812190825/tools/compiler/bin/../lib/gcc/arm-none-eabi/7.3.1/thumb/v7e-m/fpv4-sp/hard/crti.o
 .ARM.attributes
                0x0000000000000022       0x34 /home/pvl/Privat/stm32/Ac6/plugins/fr.ac6.mcu.externaltools.arm-none.linux64_1.17.0.201812190825/tools/compiler/bin/../lib/gcc/arm-none-eabi/7.3.1/thumb/v7e-m/fpv4-sp/hard/crtbegin.o
 .ARM.attributes
                0x0000000000000056       0x39 Core/Src/Boot.o
 .ARM.attributes
                0x000000000000008f       0x39 Core/Src/LUX.o
 .ARM.attributes
                0x00000000000000c8       0x39 Core/Src/frequencyRead.o
 .ARM.attributes
                0x0000000000000101       0x39 Core/Src/lm75.o
 .ARM.attributes
                0x000000000000013a       0x39 Core/Src/main.o
 .ARM.attributes
                0x0000000000000173       0x39 Core/Src/stm32l4xx_hal_msp.o
 .ARM.attributes
                0x00000000000001ac       0x39 Core/Src/stm32l4xx_it.o
 .ARM.attributes
                0x00000000000001e5       0x39 Core/Src/syscalls.o
 .ARM.attributes
                0x000000000000021e       0x39 Core/Src/system_stm32l4xx.o
 .ARM.attributes
                0x0000000000000257       0x39 Drivers/STM32L4xx_HAL_Driver/Src/stm32l4xx_hal.o
 .ARM.attributes
                0x0000000000000290       0x39 Drivers/STM32L4xx_HAL_Driver/Src/stm32l4xx_hal_cortex.o
 .ARM.attributes
                0x00000000000002c9       0x39 Drivers/STM32L4xx_HAL_Driver/Src/stm32l4xx_hal_dma.o
 .ARM.attributes
                0x0000000000000302       0x39 Drivers/STM32L4xx_HAL_Driver/Src/stm32l4xx_hal_gpio.o
 .ARM.attributes
                0x000000000000033b       0x39 Drivers/STM32L4xx_HAL_Driver/Src/stm32l4xx_hal_i2c.o
 .ARM.attributes
                0x0000000000000374       0x39 Drivers/STM32L4xx_HAL_Driver/Src/stm32l4xx_hal_i2c_ex.o
 .ARM.attributes
                0x00000000000003ad       0x39 Drivers/STM32L4xx_HAL_Driver/Src/stm32l4xx_hal_pwr.o
 .ARM.attributes
                0x00000000000003e6       0x39 Drivers/STM32L4xx_HAL_Driver/Src/stm32l4xx_hal_pwr_ex.o
 .ARM.attributes
                0x000000000000041f       0x39 Drivers/STM32L4xx_HAL_Driver/Src/stm32l4xx_hal_rcc.o
 .ARM.attributes
                0x0000000000000458       0x39 Drivers/STM32L4xx_HAL_Driver/Src/stm32l4xx_hal_rcc_ex.o
 .ARM.attributes
                0x0000000000000491       0x39 Drivers/STM32L4xx_HAL_Driver/Src/stm32l4xx_hal_rtc.o
 .ARM.attributes
                0x00000000000004ca       0x39 Drivers/STM32L4xx_HAL_Driver/Src/stm32l4xx_hal_tim.o
 .ARM.attributes
                0x0000000000000503       0x39 Drivers/STM32L4xx_HAL_Driver/Src/stm32l4xx_hal_tim_ex.o
 .ARM.attributes
                0x000000000000053c       0x39 Drivers/STM32L4xx_HAL_Driver/Src/stm32l4xx_hal_uart.o
 .ARM.attributes
                0x0000000000000575       0x21 startup/startup_stm32l476xx.o
 .ARM.attributes
                0x0000000000000596       0x22 /home/pvl/Privat/stm32/Ac6/plugins/fr.ac6.mcu.externaltools.arm-none.linux64_1.17.0.201812190825/tools/compiler/bin/../lib/gcc/arm-none-eabi/7.3.1/thumb/v7e-m/fpv4-sp/hard/libgcc.a(_arm_addsubdf3.o)
 .ARM.attributes
                0x00000000000005b8       0x22 /home/pvl/Privat/stm32/Ac6/plugins/fr.ac6.mcu.externaltools.arm-none.linux64_1.17.0.201812190825/tools/compiler/bin/../lib/gcc/arm-none-eabi/7.3.1/thumb/v7e-m/fpv4-sp/hard/libgcc.a(_arm_muldivdf3.o)
 .ARM.attributes
                0x00000000000005da       0x22 /home/pvl/Privat/stm32/Ac6/plugins/fr.ac6.mcu.externaltools.arm-none.linux64_1.17.0.201812190825/tools/compiler/bin/../lib/gcc/arm-none-eabi/7.3.1/thumb/v7e-m/fpv4-sp/hard/libgcc.a(_arm_fixunsdfsi.o)
 .ARM.attributes
                0x00000000000005fc       0x22 /home/pvl/Privat/stm32/Ac6/plugins/fr.ac6.mcu.externaltools.arm-none.linux64_1.17.0.201812190825/tools/compiler/bin/../lib/gcc/arm-none-eabi/7.3.1/thumb/v7e-m/fpv4-sp/hard/libgcc.a(_aeabi_uldivmod.o)
 .ARM.attributes
                0x000000000000061e       0x34 /home/pvl/Privat/stm32/Ac6/plugins/fr.ac6.mcu.externaltools.arm-none.linux64_1.17.0.201812190825/tools/compiler/bin/../lib/gcc/arm-none-eabi/7.3.1/thumb/v7e-m/fpv4-sp/hard/libgcc.a(_udivmoddi4.o)
 .ARM.attributes
                0x0000000000000652       0x22 /home/pvl/Privat/stm32/Ac6/plugins/fr.ac6.mcu.externaltools.arm-none.linux64_1.17.0.201812190825/tools/compiler/bin/../lib/gcc/arm-none-eabi/7.3.1/thumb/v7e-m/fpv4-sp/hard/libgcc.a(_dvmd_tls.o)
 .ARM.attributes
                0x0000000000000674       0x34 /home/pvl/Privat/stm32/Ac6/plugins/fr.ac6.mcu.externaltools.arm-none.linux64_1.17.0.201812190825/tools/compiler/bin/../lib/gcc/arm-none-eabi/7.3.1/../../../../arm-none-eabi/lib/thumb/v7e-m/fpv4-sp/hard/libc_nano.a(lib_a-errno.o)
 .ARM.attributes
                0x00000000000006a8       0x34 /home/pvl/Privat/stm32/Ac6/plugins/fr.ac6.mcu.externaltools.arm-none.linux64_1.17.0.201812190825/tools/compiler/bin/../lib/gcc/arm-none-eabi/7.3.1/../../../../arm-none-eabi/lib/thumb/v7e-m/fpv4-sp/hard/libc_nano.a(lib_a-impure.o)
 .ARM.attributes
                0x00000000000006dc       0x34 /home/pvl/Privat/stm32/Ac6/plugins/fr.ac6.mcu.externaltools.arm-none.linux64_1.17.0.201812190825/tools/compiler/bin/../lib/gcc/arm-none-eabi/7.3.1/../../../../arm-none-eabi/lib/thumb/v7e-m/fpv4-sp/hard/libc_nano.a(lib_a-init.o)
 .ARM.attributes
                0x0000000000000710       0x34 /home/pvl/Privat/stm32/Ac6/plugins/fr.ac6.mcu.externaltools.arm-none.linux64_1.17.0.201812190825/tools/compiler/bin/../lib/gcc/arm-none-eabi/7.3.1/../../../../arm-none-eabi/lib/thumb/v7e-m/fpv4-sp/hard/libc_nano.a(lib_a-memset.o)
 .ARM.attributes
                0x0000000000000744       0x34 /home/pvl/Privat/stm32/Ac6/plugins/fr.ac6.mcu.externaltools.arm-none.linux64_1.17.0.201812190825/tools/compiler/bin/../lib/gcc/arm-none-eabi/7.3.1/../../../../arm-none-eabi/lib/thumb/v7e-m/fpv4-sp/hard/libc_nano.a(lib_a-sprintf.o)
 .ARM.attributes
                0x0000000000000778       0x34 /home/pvl/Privat/stm32/Ac6/plugins/fr.ac6.mcu.externaltools.arm-none.linux64_1.17.0.201812190825/tools/compiler/bin/../lib/gcc/arm-none-eabi/7.3.1/../../../../arm-none-eabi/lib/thumb/v7e-m/fpv4-sp/hard/libc_nano.a(lib_a-nano-svfprintf.o)
 .ARM.attributes
                0x00000000000007ac       0x34 /home/pvl/Privat/stm32/Ac6/plugins/fr.ac6.mcu.externaltools.arm-none.linux64_1.17.0.201812190825/tools/compiler/bin/../lib/gcc/arm-none-eabi/7.3.1/../../../../arm-none-eabi/lib/thumb/v7e-m/fpv4-sp/hard/libc_nano.a(lib_a-nano-vfprintf_i.o)
 .ARM.attributes
                0x00000000000007e0       0x20 /home/pvl/Privat/stm32/Ac6/plugins/fr.ac6.mcu.externaltools.arm-none.linux64_1.17.0.201812190825/tools/compiler/bin/../lib/gcc/arm-none-eabi/7.3.1/../../../../arm-none-eabi/lib/thumb/v7e-m/fpv4-sp/hard/libc_nano.a(lib_a-memchr.o)
 .ARM.attributes
                0x0000000000000800       0x34 /home/pvl/Privat/stm32/Ac6/plugins/fr.ac6.mcu.externaltools.arm-none.linux64_1.17.0.201812190825/tools/compiler/bin/../lib/gcc/arm-none-eabi/7.3.1/../../../../arm-none-eabi/lib/thumb/v7e-m/fpv4-sp/hard/libc_nano.a(lib_a-memcpy-stub.o)
 .ARM.attributes
                0x0000000000000834       0x34 /home/pvl/Privat/stm32/Ac6/plugins/fr.ac6.mcu.externaltools.arm-none.linux64_1.17.0.201812190825/tools/compiler/bin/../lib/gcc/arm-none-eabi/7.3.1/../../../../arm-none-eabi/lib/thumb/v7e-m/fpv4-sp/hard/libc_nano.a(lib_a-memmove.o)
 .ARM.attributes
                0x0000000000000868       0x34 /home/pvl/Privat/stm32/Ac6/plugins/fr.ac6.mcu.externaltools.arm-none.linux64_1.17.0.201812190825/tools/compiler/bin/../lib/gcc/arm-none-eabi/7.3.1/../../../../arm-none-eabi/lib/thumb/v7e-m/fpv4-sp/hard/libc_nano.a(lib_a-nano-freer.o)
 .ARM.attributes
                0x000000000000089c       0x34 /home/pvl/Privat/stm32/Ac6/plugins/fr.ac6.mcu.externaltools.arm-none.linux64_1.17.0.201812190825/tools/compiler/bin/../lib/gcc/arm-none-eabi/7.3.1/../../../../arm-none-eabi/lib/thumb/v7e-m/fpv4-sp/hard/libc_nano.a(lib_a-nano-mallocr.o)
 .ARM.attributes
                0x00000000000008d0       0x34 /home/pvl/Privat/stm32/Ac6/plugins/fr.ac6.mcu.externaltools.arm-none.linux64_1.17.0.201812190825/tools/compiler/bin/../lib/gcc/arm-none-eabi/7.3.1/../../../../arm-none-eabi/lib/thumb/v7e-m/fpv4-sp/hard/libc_nano.a(lib_a-nano-reallocr.o)
 .ARM.attributes
                0x0000000000000904       0x34 /home/pvl/Privat/stm32/Ac6/plugins/fr.ac6.mcu.externaltools.arm-none.linux64_1.17.0.201812190825/tools/compiler/bin/../lib/gcc/arm-none-eabi/7.3.1/../../../../arm-none-eabi/lib/thumb/v7e-m/fpv4-sp/hard/libc_nano.a(lib_a-sbrkr.o)
 .ARM.attributes
                0x0000000000000938       0x34 /home/pvl/Privat/stm32/Ac6/plugins/fr.ac6.mcu.externaltools.arm-none.linux64_1.17.0.201812190825/tools/compiler/bin/../lib/gcc/arm-none-eabi/7.3.1/../../../../arm-none-eabi/lib/thumb/v7e-m/fpv4-sp/hard/libc_nano.a(lib_a-mlock.o)
 .ARM.attributes
                0x000000000000096c       0x34 /home/pvl/Privat/stm32/Ac6/plugins/fr.ac6.mcu.externaltools.arm-none.linux64_1.17.0.201812190825/tools/compiler/bin/../lib/gcc/arm-none-eabi/7.3.1/../../../../arm-none-eabi/lib/thumb/v7e-m/fpv4-sp/hard/libc_nano.a(lib_a-nano-msizer.o)
 .ARM.attributes
                0x00000000000009a0       0x34 /home/pvl/Privat/stm32/Ac6/plugins/fr.ac6.mcu.externaltools.arm-none.linux64_1.17.0.201812190825/tools/compiler/bin/../lib/gcc/arm-none-eabi/7.3.1/../../../../arm-none-eabi/lib/thumb/v7e-m/fpv4-sp/hard/libc_nano.a(lib_a-reent.o)
 .ARM.attributes
                0x00000000000009d4       0x22 /home/pvl/Privat/stm32/Ac6/plugins/fr.ac6.mcu.externaltools.arm-none.linux64_1.17.0.201812190825/tools/compiler/bin/../lib/gcc/arm-none-eabi/7.3.1/thumb/v7e-m/fpv4-sp/hard/crtn.o
OUTPUT(Frequency_generator.elf elf32-littlearm)

.debug_info     0x0000000000000000    0x1f67b
 .debug_info    0x0000000000000000     0x1971 Core/Src/Boot.o
 .debug_info    0x0000000000001971     0x1500 Core/Src/LUX.o
 .debug_info    0x0000000000002e71     0x1741 Core/Src/frequencyRead.o
 .debug_info    0x00000000000045b2     0x13de Core/Src/lm75.o
 .debug_info    0x0000000000005990     0x275e Core/Src/main.o
 .debug_info    0x00000000000080ee     0x1cf7 Core/Src/stm32l4xx_hal_msp.o
 .debug_info    0x0000000000009de5      0xd40 Core/Src/stm32l4xx_it.o
 .debug_info    0x000000000000ab25      0xfd3 Core/Src/syscalls.o
 .debug_info    0x000000000000baf8      0x72d Core/Src/system_stm32l4xx.o
 .debug_info    0x000000000000c225      0xdf1 Drivers/STM32L4xx_HAL_Driver/Src/stm32l4xx_hal.o
 .debug_info    0x000000000000d016     0x10d1 Drivers/STM32L4xx_HAL_Driver/Src/stm32l4xx_hal_cortex.o
 .debug_info    0x000000000000e0e7      0x987 Drivers/STM32L4xx_HAL_Driver/Src/stm32l4xx_hal_dma.o
 .debug_info    0x000000000000ea6e      0x9ca Drivers/STM32L4xx_HAL_Driver/Src/stm32l4xx_hal_gpio.o
 .debug_info    0x000000000000f438     0x3b4f Drivers/STM32L4xx_HAL_Driver/Src/stm32l4xx_hal_i2c.o
 .debug_info    0x0000000000012f87      0xb7b Drivers/STM32L4xx_HAL_Driver/Src/stm32l4xx_hal_i2c_ex.o
 .debug_info    0x0000000000013b02      0xaec Drivers/STM32L4xx_HAL_Driver/Src/stm32l4xx_hal_pwr.o
 .debug_info    0x00000000000145ee      0xbad Drivers/STM32L4xx_HAL_Driver/Src/stm32l4xx_hal_pwr_ex.o
 .debug_info    0x000000000001519b      0xf6d Drivers/STM32L4xx_HAL_Driver/Src/stm32l4xx_hal_rcc.o
 .debug_info    0x0000000000016108     0x12d4 Drivers/STM32L4xx_HAL_Driver/Src/stm32l4xx_hal_rcc_ex.o
 .debug_info    0x00000000000173dc     0x11ad Drivers/STM32L4xx_HAL_Driver/Src/stm32l4xx_hal_rtc.o
 .debug_info    0x0000000000018589     0x3807 Drivers/STM32L4xx_HAL_Driver/Src/stm32l4xx_hal_tim.o
 .debug_info    0x000000000001bd90     0x1aa5 Drivers/STM32L4xx_HAL_Driver/Src/stm32l4xx_hal_tim_ex.o
 .debug_info    0x000000000001d835     0x1e24 Drivers/STM32L4xx_HAL_Driver/Src/stm32l4xx_hal_uart.o
 .debug_info    0x000000000001f659       0x22 startup/startup_stm32l476xx.o

.debug_abbrev   0x0000000000000000     0x325e
 .debug_abbrev  0x0000000000000000      0x29b Core/Src/Boot.o
 .debug_abbrev  0x000000000000029b      0x242 Core/Src/LUX.o
 .debug_abbrev  0x00000000000004dd      0x291 Core/Src/frequencyRead.o
 .debug_abbrev  0x000000000000076e      0x233 Core/Src/lm75.o
 .debug_abbrev  0x00000000000009a1      0x2a1 Core/Src/main.o
 .debug_abbrev  0x0000000000000c42      0x231 Core/Src/stm32l4xx_hal_msp.o
 .debug_abbrev  0x0000000000000e73      0x19d Core/Src/stm32l4xx_it.o
 .debug_abbrev  0x0000000000001010      0x2d4 Core/Src/syscalls.o
 .debug_abbrev  0x00000000000012e4      0x150 Core/Src/system_stm32l4xx.o
 .debug_abbrev  0x0000000000001434      0x209 Drivers/STM32L4xx_HAL_Driver/Src/stm32l4xx_hal.o
 .debug_abbrev  0x000000000000163d      0x328 Drivers/STM32L4xx_HAL_Driver/Src/stm32l4xx_hal_cortex.o
 .debug_abbrev  0x0000000000001965      0x233 Drivers/STM32L4xx_HAL_Driver/Src/stm32l4xx_hal_dma.o
 .debug_abbrev  0x0000000000001b98      0x1de Drivers/STM32L4xx_HAL_Driver/Src/stm32l4xx_hal_gpio.o
 .debug_abbrev  0x0000000000001d76      0x25d Drivers/STM32L4xx_HAL_Driver/Src/stm32l4xx_hal_i2c.o
 .debug_abbrev  0x0000000000001fd3      0x1b9 Drivers/STM32L4xx_HAL_Driver/Src/stm32l4xx_hal_i2c_ex.o
 .debug_abbrev  0x000000000000218c      0x18d Drivers/STM32L4xx_HAL_Driver/Src/stm32l4xx_hal_pwr.o
 .debug_abbrev  0x0000000000002319      0x1f5 Drivers/STM32L4xx_HAL_Driver/Src/stm32l4xx_hal_pwr_ex.o
 .debug_abbrev  0x000000000000250e      0x21f Drivers/STM32L4xx_HAL_Driver/Src/stm32l4xx_hal_rcc.o
 .debug_abbrev  0x000000000000272d      0x24c Drivers/STM32L4xx_HAL_Driver/Src/stm32l4xx_hal_rcc_ex.o
 .debug_abbrev  0x0000000000002979      0x20b Drivers/STM32L4xx_HAL_Driver/Src/stm32l4xx_hal_rtc.o
 .debug_abbrev  0x0000000000002b84      0x235 Drivers/STM32L4xx_HAL_Driver/Src/stm32l4xx_hal_tim.o
 .debug_abbrev  0x0000000000002db9      0x246 Drivers/STM32L4xx_HAL_Driver/Src/stm32l4xx_hal_tim_ex.o
 .debug_abbrev  0x0000000000002fff      0x24d Drivers/STM32L4xx_HAL_Driver/Src/stm32l4xx_hal_uart.o
 .debug_abbrev  0x000000000000324c       0x12 startup/startup_stm32l476xx.o

.debug_loc      0x0000000000000000    0x1206f
 .debug_loc     0x0000000000000000       0x13 Core/Src/Boot.o
 .debug_loc     0x0000000000000013       0x21 Core/Src/LUX.o
 .debug_loc     0x0000000000000034      0x2a2 Core/Src/frequencyRead.o
 .debug_loc     0x00000000000002d6      0x1a0 Core/Src/stm32l4xx_hal_msp.o
 .debug_loc     0x0000000000000476      0x3af Core/Src/syscalls.o
 .debug_loc     0x0000000000000825      0x1b8 Core/Src/system_stm32l4xx.o
 .debug_loc     0x00000000000009dd      0x20b Drivers/STM32L4xx_HAL_Driver/Src/stm32l4xx_hal.o
 .debug_loc     0x0000000000000be8      0x5ce Drivers/STM32L4xx_HAL_Driver/Src/stm32l4xx_hal_cortex.o
 .debug_loc     0x00000000000011b6      0x7a2 Drivers/STM32L4xx_HAL_Driver/Src/stm32l4xx_hal_dma.o
 .debug_loc     0x0000000000001958      0x2d3 Drivers/STM32L4xx_HAL_Driver/Src/stm32l4xx_hal_gpio.o
 .debug_loc     0x0000000000001c2b     0x4565 Drivers/STM32L4xx_HAL_Driver/Src/stm32l4xx_hal_i2c.o
 .debug_loc     0x0000000000006190      0x204 Drivers/STM32L4xx_HAL_Driver/Src/stm32l4xx_hal_i2c_ex.o
 .debug_loc     0x0000000000006394      0x17d Drivers/STM32L4xx_HAL_Driver/Src/stm32l4xx_hal_pwr.o
 .debug_loc     0x0000000000006511      0x99a Drivers/STM32L4xx_HAL_Driver/Src/stm32l4xx_hal_pwr_ex.o
 .debug_loc     0x0000000000006eab      0x656 Drivers/STM32L4xx_HAL_Driver/Src/stm32l4xx_hal_rcc.o
 .debug_loc     0x0000000000007501     0x1c32 Drivers/STM32L4xx_HAL_Driver/Src/stm32l4xx_hal_rcc_ex.o
 .debug_loc     0x0000000000009133      0xb28 Drivers/STM32L4xx_HAL_Driver/Src/stm32l4xx_hal_rtc.o
 .debug_loc     0x0000000000009c5b     0x4a7e Drivers/STM32L4xx_HAL_Driver/Src/stm32l4xx_hal_tim.o
 .debug_loc     0x000000000000e6d9     0x20ec Drivers/STM32L4xx_HAL_Driver/Src/stm32l4xx_hal_tim_ex.o
 .debug_loc     0x00000000000107c5     0x18aa Drivers/STM32L4xx_HAL_Driver/Src/stm32l4xx_hal_uart.o

.debug_aranges  0x0000000000000000     0x1408
 .debug_aranges
                0x0000000000000000       0x28 Core/Src/Boot.o
 .debug_aranges
                0x0000000000000028       0x28 Core/Src/LUX.o
 .debug_aranges
                0x0000000000000050       0x38 Core/Src/frequencyRead.o
 .debug_aranges
                0x0000000000000088       0x20 Core/Src/lm75.o
 .debug_aranges
                0x00000000000000a8       0x70 Core/Src/main.o
 .debug_aranges
                0x0000000000000118       0x68 Core/Src/stm32l4xx_hal_msp.o
 .debug_aranges
                0x0000000000000180       0xa0 Core/Src/stm32l4xx_it.o
 .debug_aranges
                0x0000000000000220       0xb0 Core/Src/syscalls.o
 .debug_aranges
                0x00000000000002d0       0x28 Core/Src/system_stm32l4xx.o
 .debug_aranges
                0x00000000000002f8      0x130 Drivers/STM32L4xx_HAL_Driver/Src/stm32l4xx_hal.o
 .debug_aranges
                0x0000000000000428       0xa8 Drivers/STM32L4xx_HAL_Driver/Src/stm32l4xx_hal_cortex.o
 .debug_aranges
                0x00000000000004d0       0x80 Drivers/STM32L4xx_HAL_Driver/Src/stm32l4xx_hal_dma.o
 .debug_aranges
                0x0000000000000550       0x58 Drivers/STM32L4xx_HAL_Driver/Src/stm32l4xx_hal_gpio.o
 .debug_aranges
                0x00000000000005a8      0x290 Drivers/STM32L4xx_HAL_Driver/Src/stm32l4xx_hal_i2c.o
 .debug_aranges
                0x0000000000000838       0x48 Drivers/STM32L4xx_HAL_Driver/Src/stm32l4xx_hal_i2c_ex.o
 .debug_aranges
                0x0000000000000880       0x98 Drivers/STM32L4xx_HAL_Driver/Src/stm32l4xx_hal_pwr.o
 .debug_aranges
                0x0000000000000918      0x150 Drivers/STM32L4xx_HAL_Driver/Src/stm32l4xx_hal_pwr_ex.o
 .debug_aranges
                0x0000000000000a68       0x88 Drivers/STM32L4xx_HAL_Driver/Src/stm32l4xx_hal_rcc.o
 .debug_aranges
                0x0000000000000af0       0xc0 Drivers/STM32L4xx_HAL_Driver/Src/stm32l4xx_hal_rcc_ex.o
 .debug_aranges
                0x0000000000000bb0       0xc0 Drivers/STM32L4xx_HAL_Driver/Src/stm32l4xx_hal_rtc.o
 .debug_aranges
                0x0000000000000c70      0x3e0 Drivers/STM32L4xx_HAL_Driver/Src/stm32l4xx_hal_tim.o
 .debug_aranges
                0x0000000000001050      0x180 Drivers/STM32L4xx_HAL_Driver/Src/stm32l4xx_hal_tim_ex.o
 .debug_aranges
                0x00000000000011d0      0x210 Drivers/STM32L4xx_HAL_Driver/Src/stm32l4xx_hal_uart.o
 .debug_aranges
                0x00000000000013e0       0x28 startup/startup_stm32l476xx.o

.debug_ranges   0x0000000000000000     0x1388
 .debug_ranges  0x0000000000000000       0x18 Core/Src/Boot.o
 .debug_ranges  0x0000000000000018       0x18 Core/Src/LUX.o
 .debug_ranges  0x0000000000000030       0x58 Core/Src/frequencyRead.o
 .debug_ranges  0x0000000000000088       0x10 Core/Src/lm75.o
 .debug_ranges  0x0000000000000098       0x60 Core/Src/main.o
 .debug_ranges  0x00000000000000f8       0x58 Core/Src/stm32l4xx_hal_msp.o
 .debug_ranges  0x0000000000000150       0x90 Core/Src/stm32l4xx_it.o
 .debug_ranges  0x00000000000001e0       0xa0 Core/Src/syscalls.o
 .debug_ranges  0x0000000000000280       0x18 Core/Src/system_stm32l4xx.o
 .debug_ranges  0x0000000000000298      0x120 Drivers/STM32L4xx_HAL_Driver/Src/stm32l4xx_hal.o
 .debug_ranges  0x00000000000003b8       0xf8 Drivers/STM32L4xx_HAL_Driver/Src/stm32l4xx_hal_cortex.o
 .debug_ranges  0x00000000000004b0       0x70 Drivers/STM32L4xx_HAL_Driver/Src/stm32l4xx_hal_dma.o
 .debug_ranges  0x0000000000000520       0x48 Drivers/STM32L4xx_HAL_Driver/Src/stm32l4xx_hal_gpio.o
 .debug_ranges  0x0000000000000568      0x280 Drivers/STM32L4xx_HAL_Driver/Src/stm32l4xx_hal_i2c.o
 .debug_ranges  0x00000000000007e8       0x38 Drivers/STM32L4xx_HAL_Driver/Src/stm32l4xx_hal_i2c_ex.o
 .debug_ranges  0x0000000000000820       0x88 Drivers/STM32L4xx_HAL_Driver/Src/stm32l4xx_hal_pwr.o
 .debug_ranges  0x00000000000008a8      0x140 Drivers/STM32L4xx_HAL_Driver/Src/stm32l4xx_hal_pwr_ex.o
 .debug_ranges  0x00000000000009e8       0x90 Drivers/STM32L4xx_HAL_Driver/Src/stm32l4xx_hal_rcc.o
 .debug_ranges  0x0000000000000a78       0xd0 Drivers/STM32L4xx_HAL_Driver/Src/stm32l4xx_hal_rcc_ex.o
 .debug_ranges  0x0000000000000b48       0xe0 Drivers/STM32L4xx_HAL_Driver/Src/stm32l4xx_hal_rtc.o
 .debug_ranges  0x0000000000000c28      0x3d0 Drivers/STM32L4xx_HAL_Driver/Src/stm32l4xx_hal_tim.o
 .debug_ranges  0x0000000000000ff8      0x170 Drivers/STM32L4xx_HAL_Driver/Src/stm32l4xx_hal_tim_ex.o
 .debug_ranges  0x0000000000001168      0x200 Drivers/STM32L4xx_HAL_Driver/Src/stm32l4xx_hal_uart.o
 .debug_ranges  0x0000000000001368       0x20 startup/startup_stm32l476xx.o

.debug_macro    0x0000000000000000    0x29a48
 .debug_macro   0x0000000000000000      0x390 Core/Src/Boot.o
 .debug_macro   0x0000000000000390      0xa54 Core/Src/Boot.o
 .debug_macro   0x0000000000000de4      0x1b3 Core/Src/Boot.o
 .debug_macro   0x0000000000000f97       0x2e Core/Src/Boot.o
 .debug_macro   0x0000000000000fc5       0x28 Core/Src/Boot.o
 .debug_macro   0x0000000000000fed       0x22 Core/Src/Boot.o
 .debug_macro   0x000000000000100f       0x8e Core/Src/Boot.o
 .debug_macro   0x000000000000109d       0x51 Core/Src/Boot.o
 .debug_macro   0x00000000000010ee       0xef Core/Src/Boot.o
 .debug_macro   0x00000000000011dd       0x6a Core/Src/Boot.o
 .debug_macro   0x0000000000001247      0x1df Core/Src/Boot.o
 .debug_macro   0x0000000000001426       0x1c Core/Src/Boot.o
 .debug_macro   0x0000000000001442       0x22 Core/Src/Boot.o
 .debug_macro   0x0000000000001464      0x101 Core/Src/Boot.o
 .debug_macro   0x0000000000001565     0x1011 Core/Src/Boot.o
 .debug_macro   0x0000000000002576      0x11f Core/Src/Boot.o
 .debug_macro   0x0000000000002695    0x1a13d Core/Src/Boot.o
 .debug_macro   0x000000000001c7d2       0x43 Core/Src/Boot.o
 .debug_macro   0x000000000001c815     0x3890 Core/Src/Boot.o
 .debug_macro   0x00000000000200a5      0x174 Core/Src/Boot.o
 .debug_macro   0x0000000000020219       0x5c Core/Src/Boot.o
 .debug_macro   0x0000000000020275     0x155f Core/Src/Boot.o
 .debug_macro   0x00000000000217d4      0x59e Core/Src/Boot.o
 .debug_macro   0x0000000000021d72      0x13d Core/Src/Boot.o
 .debug_macro   0x0000000000021eaf      0x18b Core/Src/Boot.o
 .debug_macro   0x000000000002203a      0x26b Core/Src/Boot.o
 .debug_macro   0x00000000000222a5      0x23d Core/Src/Boot.o
 .debug_macro   0x00000000000224e2      0x241 Core/Src/Boot.o
 .debug_macro   0x0000000000022723      0x37c Core/Src/Boot.o
 .debug_macro   0x0000000000022a9f       0xd6 Core/Src/Boot.o
 .debug_macro   0x0000000000022b75      0x22c Core/Src/Boot.o
 .debug_macro   0x0000000000022da1       0x61 Core/Src/Boot.o
 .debug_macro   0x0000000000022e02       0xa5 Core/Src/Boot.o
 .debug_macro   0x0000000000022ea7      0x122 Core/Src/Boot.o
 .debug_macro   0x0000000000022fc9      0x3e9 Core/Src/Boot.o
 .debug_macro   0x00000000000233b2      0x31a Core/Src/Boot.o
 .debug_macro   0x00000000000236cc      0x4fb Core/Src/Boot.o
 .debug_macro   0x0000000000023bc7       0xe4 Core/Src/Boot.o
 .debug_macro   0x0000000000023cab      0xa75 Core/Src/Boot.o
 .debug_macro   0x0000000000024720      0x1e7 Core/Src/Boot.o
 .debug_macro   0x0000000000024907      0x59e Core/Src/Boot.o
 .debug_macro   0x0000000000024ea5       0x44 Core/Src/Boot.o
 .debug_macro   0x0000000000024ee9      0x331 Core/Src/Boot.o
 .debug_macro   0x000000000002521a       0x5e Core/Src/Boot.o
 .debug_macro   0x0000000000025278       0x18 Core/Src/Boot.o
 .debug_macro   0x0000000000025290       0x35 Core/Src/Boot.o
 .debug_macro   0x00000000000252c5       0x34 Core/Src/Boot.o
 .debug_macro   0x00000000000252f9       0x58 Core/Src/Boot.o
 .debug_macro   0x0000000000025351       0x1f Core/Src/Boot.o
 .debug_macro   0x0000000000025370       0x43 Core/Src/Boot.o
 .debug_macro   0x00000000000253b3       0x20 Core/Src/Boot.o
 .debug_macro   0x00000000000253d3      0x18e Core/Src/Boot.o
 .debug_macro   0x0000000000025561      0x32a Core/Src/Boot.o
 .debug_macro   0x000000000002588b       0x10 Core/Src/Boot.o
 .debug_macro   0x000000000002589b       0x35 Core/Src/Boot.o
 .debug_macro   0x00000000000258d0       0x1c Core/Src/Boot.o
 .debug_macro   0x00000000000258ec       0x10 Core/Src/Boot.o
 .debug_macro   0x00000000000258fc       0x10 Core/Src/Boot.o
 .debug_macro   0x000000000002590c       0x1c Core/Src/Boot.o
 .debug_macro   0x0000000000025928       0x52 Core/Src/Boot.o
 .debug_macro   0x000000000002597a       0x40 Core/Src/Boot.o
 .debug_macro   0x00000000000259ba       0x10 Core/Src/Boot.o
 .debug_macro   0x00000000000259ca       0x40 Core/Src/Boot.o
 .debug_macro   0x0000000000025a0a       0xd7 Core/Src/Boot.o
 .debug_macro   0x0000000000025ae1       0x1c Core/Src/Boot.o
 .debug_macro   0x0000000000025afd       0x3d Core/Src/Boot.o
 .debug_macro   0x0000000000025b3a       0x16 Core/Src/Boot.o
 .debug_macro   0x0000000000025b50      0x16f Core/Src/Boot.o
 .debug_macro   0x0000000000025cbf       0x1c Core/Src/Boot.o
 .debug_macro   0x0000000000025cdb      0x390 Core/Src/LUX.o
 .debug_macro   0x000000000002606b       0x16 Core/Src/LUX.o
 .debug_macro   0x0000000000026081       0x16 Core/Src/LUX.o
 .debug_macro   0x0000000000026097       0x10 Core/Src/LUX.o
 .debug_macro   0x00000000000260a7      0x390 Core/Src/frequencyRead.o
 .debug_macro   0x0000000000026437      0x382 Core/Src/lm75.o
 .debug_macro   0x00000000000267b9       0x10 Core/Src/lm75.o
 .debug_macro   0x00000000000267c9      0x1fc Core/Src/main.o
 .debug_macro   0x00000000000269c5      0x1fc Core/Src/stm32l4xx_hal_msp.o
 .debug_macro   0x0000000000026bc1      0x206 Core/Src/stm32l4xx_it.o
 .debug_macro   0x0000000000026dc7      0x243 Core/Src/syscalls.o
 .debug_macro   0x000000000002700a       0x58 Core/Src/syscalls.o
 .debug_macro   0x0000000000027062       0x94 Core/Src/syscalls.o
 .debug_macro   0x00000000000270f6       0x57 Core/Src/syscalls.o
 .debug_macro   0x000000000002714d      0x330 Core/Src/syscalls.o
 .debug_macro   0x000000000002747d       0x10 Core/Src/syscalls.o
 .debug_macro   0x000000000002748d       0x10 Core/Src/syscalls.o
 .debug_macro   0x000000000002749d       0x10 Core/Src/syscalls.o
 .debug_macro   0x00000000000274ad       0x35 Core/Src/syscalls.o
 .debug_macro   0x00000000000274e2      0x122 Core/Src/syscalls.o
 .debug_macro   0x0000000000027604       0x16 Core/Src/syscalls.o
 .debug_macro   0x000000000002761a       0x16 Core/Src/syscalls.o
 .debug_macro   0x0000000000027630       0x29 Core/Src/syscalls.o
 .debug_macro   0x0000000000027659       0x10 Core/Src/syscalls.o
 .debug_macro   0x0000000000027669      0x241 Core/Src/syscalls.o
 .debug_macro   0x00000000000278aa       0x10 Core/Src/syscalls.o
 .debug_macro   0x00000000000278ba      0x189 Core/Src/syscalls.o
 .debug_macro   0x0000000000027a43       0x16 Core/Src/syscalls.o
 .debug_macro   0x0000000000027a59       0x88 Core/Src/syscalls.o
 .debug_macro   0x0000000000027ae1      0x1f8 Core/Src/system_stm32l4xx.o
 .debug_macro   0x0000000000027cd9      0x240 Drivers/STM32L4xx_HAL_Driver/Src/stm32l4xx_hal.o
 .debug_macro   0x0000000000027f19      0x1f2 Drivers/STM32L4xx_HAL_Driver/Src/stm32l4xx_hal_cortex.o
 .debug_macro   0x000000000002810b      0x1f2 Drivers/STM32L4xx_HAL_Driver/Src/stm32l4xx_hal_dma.o
 .debug_macro   0x00000000000282fd      0x231 Drivers/STM32L4xx_HAL_Driver/Src/stm32l4xx_hal_gpio.o
 .debug_macro   0x000000000002852e      0x2b7 Drivers/STM32L4xx_HAL_Driver/Src/stm32l4xx_hal_i2c.o
 .debug_macro   0x00000000000287e5      0x1f2 Drivers/STM32L4xx_HAL_Driver/Src/stm32l4xx_hal_i2c_ex.o
 .debug_macro   0x00000000000289d7      0x20a Drivers/STM32L4xx_HAL_Driver/Src/stm32l4xx_hal_pwr.o
 .debug_macro   0x0000000000028be1      0x216 Drivers/STM32L4xx_HAL_Driver/Src/stm32l4xx_hal_pwr_ex.o
 .debug_macro   0x0000000000028df7      0x234 Drivers/STM32L4xx_HAL_Driver/Src/stm32l4xx_hal_rcc.o
 .debug_macro   0x000000000002902b      0x228 Drivers/STM32L4xx_HAL_Driver/Src/stm32l4xx_hal_rcc_ex.o
 .debug_macro   0x0000000000029253      0x1f3 Drivers/STM32L4xx_HAL_Driver/Src/stm32l4xx_hal_rtc.o
 .debug_macro   0x0000000000029446      0x1f3 Drivers/STM32L4xx_HAL_Driver/Src/stm32l4xx_hal_tim.o
 .debug_macro   0x0000000000029639      0x1f2 Drivers/STM32L4xx_HAL_Driver/Src/stm32l4xx_hal_tim_ex.o
 .debug_macro   0x000000000002982b      0x21d Drivers/STM32L4xx_HAL_Driver/Src/stm32l4xx_hal_uart.o

.debug_line     0x0000000000000000    0x12466
 .debug_line    0x0000000000000000      0x938 Core/Src/Boot.o
 .debug_line    0x0000000000000938      0x8e4 Core/Src/LUX.o
 .debug_line    0x000000000000121c      0xa63 Core/Src/frequencyRead.o
 .debug_line    0x0000000000001c7f      0x8c1 Core/Src/lm75.o
 .debug_line    0x0000000000002540      0x92a Core/Src/main.o
 .debug_line    0x0000000000002e6a      0x8dc Core/Src/stm32l4xx_hal_msp.o
 .debug_line    0x0000000000003746      0x89e Core/Src/stm32l4xx_it.o
 .debug_line    0x0000000000003fe4      0x5ee Core/Src/syscalls.o
 .debug_line    0x00000000000045d2      0x7b7 Core/Src/system_stm32l4xx.o
 .debug_line    0x0000000000004d89      0xa21 Drivers/STM32L4xx_HAL_Driver/Src/stm32l4xx_hal.o
 .debug_line    0x00000000000057aa      0x9cf Drivers/STM32L4xx_HAL_Driver/Src/stm32l4xx_hal_cortex.o
 .debug_line    0x0000000000006179      0x9f5 Drivers/STM32L4xx_HAL_Driver/Src/stm32l4xx_hal_dma.o
 .debug_line    0x0000000000006b6e      0x8f8 Drivers/STM32L4xx_HAL_Driver/Src/stm32l4xx_hal_gpio.o
 .debug_line    0x0000000000007466     0x1c20 Drivers/STM32L4xx_HAL_Driver/Src/stm32l4xx_hal_i2c.o
 .debug_line    0x0000000000009086      0x8c3 Drivers/STM32L4xx_HAL_Driver/Src/stm32l4xx_hal_i2c_ex.o
 .debug_line    0x0000000000009949      0x8bf Drivers/STM32L4xx_HAL_Driver/Src/stm32l4xx_hal_pwr.o
 .debug_line    0x000000000000a208      0xbf3 Drivers/STM32L4xx_HAL_Driver/Src/stm32l4xx_hal_pwr_ex.o
 .debug_line    0x000000000000adfb      0xb29 Drivers/STM32L4xx_HAL_Driver/Src/stm32l4xx_hal_rcc.o
 .debug_line    0x000000000000b924      0xd9a Drivers/STM32L4xx_HAL_Driver/Src/stm32l4xx_hal_rcc_ex.o
 .debug_line    0x000000000000c6be      0xb42 Drivers/STM32L4xx_HAL_Driver/Src/stm32l4xx_hal_rtc.o
 .debug_line    0x000000000000d200     0x28a5 Drivers/STM32L4xx_HAL_Driver/Src/stm32l4xx_hal_tim.o
 .debug_line    0x000000000000faa5     0x15ce Drivers/STM32L4xx_HAL_Driver/Src/stm32l4xx_hal_tim_ex.o
 .debug_line    0x0000000000011073     0x1373 Drivers/STM32L4xx_HAL_Driver/Src/stm32l4xx_hal_uart.o
 .debug_line    0x00000000000123e6       0x80 startup/startup_stm32l476xx.o

.debug_str      0x0000000000000000    0xfc0ea
 .debug_str     0x0000000000000000    0xf5378 Core/Src/Boot.o
                                      0xf5777 (size before relaxing)
 .debug_str     0x00000000000f5378      0x109 Core/Src/LUX.o
                                      0xf549d (size before relaxing)
 .debug_str     0x00000000000f5481      0x3af Core/Src/frequencyRead.o
                                      0xf5594 (size before relaxing)
 .debug_str     0x00000000000f5830       0x6a Core/Src/lm75.o
                                      0xf5424 (size before relaxing)
 .debug_str     0x00000000000f589a      0xe32 Core/Src/main.o
                                      0xf2b84 (size before relaxing)
 .debug_str     0x00000000000f66cc      0x110 Core/Src/stm32l4xx_hal_msp.o
                                      0xf231a (size before relaxing)
 .debug_str     0x00000000000f67dc      0x1c5 Core/Src/stm32l4xx_it.o
                                      0xf18ea (size before relaxing)
 .debug_str     0x00000000000f69a1     0x122f Core/Src/syscalls.o